Archive member included to satisfy reference by file (symbol)

C:/Program Files/SEGGER/SEGGER Embedded Studio for ARM 6.32b/lib/libc_v7em_fpv4_sp_d16_hard_t_le_eabi_balanced.a(fileops.o)
                              Output/Debug/Obj/blinky_FreeRTOS_pca10040/app_button.o (puts)
C:/Program Files/SEGGER/SEGGER Embedded Studio for ARM 6.32b/lib/libc_v7em_fpv4_sp_d16_hard_t_le_eabi_balanced.a(strasmops_arm.o)
                              Output/Debug/Obj/blinky_FreeRTOS_pca10040/nrf_fprintf_format.o (strlen)
C:/Program Files/SEGGER/SEGGER Embedded Studio for ARM 6.32b/lib/libc_v7em_fpv4_sp_d16_hard_t_le_eabi_balanced.a(strops.o)
                              C:/Program Files/SEGGER/SEGGER Embedded Studio for ARM 6.32b/lib/libc_v7em_fpv4_sp_d16_hard_t_le_eabi_balanced.a(fileops.o) (strerror)
C:/Program Files/SEGGER/SEGGER Embedded Studio for ARM 6.32b/lib/libc_v7em_fpv4_sp_d16_hard_t_le_eabi_balanced.a(prinops.o)
                              Output/Debug/Obj/blinky_FreeRTOS_pca10040/main.o (printf)
C:/Program Files/SEGGER/SEGGER Embedded Studio for ARM 6.32b/lib/libc_v7em_fpv4_sp_d16_hard_t_le_eabi_balanced.a(__SEGGER_RTL_vfprintf_long.o)
                              (__SEGGER_RTL_vfprintf_long)
C:/Program Files/SEGGER/SEGGER Embedded Studio for ARM 6.32b/lib/libc_v7em_fpv4_sp_d16_hard_t_le_eabi_balanced.a(__SEGGER_RTL_vfscanf_long.o)
                              (__SEGGER_RTL_vfscanf_long)
C:/Program Files/SEGGER/SEGGER Embedded Studio for ARM 6.32b/lib/libc_v7em_fpv4_sp_d16_hard_t_le_eabi_balanced.a(errno.o)
                              C:/Program Files/SEGGER/SEGGER Embedded Studio for ARM 6.32b/lib/libc_v7em_fpv4_sp_d16_hard_t_le_eabi_balanced.a(fileops.o) (__aeabi_errno_addr)
C:/Program Files/SEGGER/SEGGER Embedded Studio for ARM 6.32b/lib/libc_v7em_fpv4_sp_d16_hard_t_le_eabi_balanced.a(intasmops_arm.o)
                              C:/Program Files/SEGGER/SEGGER Embedded Studio for ARM 6.32b/lib/libc_v7em_fpv4_sp_d16_hard_t_le_eabi_balanced.a(__SEGGER_RTL_vfprintf_long.o) (__aeabi_uldivmod)
C:/Program Files/SEGGER/SEGGER Embedded Studio for ARM 6.32b/lib/libc_v7em_fpv4_sp_d16_hard_t_le_eabi_balanced.a(mbops.o)
                              C:/Program Files/SEGGER/SEGGER Embedded Studio for ARM 6.32b/lib/libc_v7em_fpv4_sp_d16_hard_t_le_eabi_balanced.a(prinops.o) (__SEGGER_RTL_current_locale)
C:/Program Files/SEGGER/SEGGER Embedded Studio for ARM 6.32b/lib/libc_v7em_fpv4_sp_d16_hard_t_le_eabi_balanced.a(sortops.o)
                              C:/Program Files/SEGGER/SEGGER Embedded Studio for ARM 6.32b/lib/libc_v7em_fpv4_sp_d16_hard_t_le_eabi_balanced.a(mbops.o) (bsearch)
C:/Program Files/SEGGER/SEGGER Embedded Studio for ARM 6.32b/lib/libc_v7em_fpv4_sp_d16_hard_t_le_eabi_balanced.a(timeops.o)
                              C:/Program Files/SEGGER/SEGGER Embedded Studio for ARM 6.32b/lib/libc_v7em_fpv4_sp_d16_hard_t_le_eabi_balanced.a(mbops.o) (__SEGGER_RTL_string_list_encode)
C:/Program Files/SEGGER/SEGGER Embedded Studio for ARM 6.32b/lib/libc_v7em_fpv4_sp_d16_hard_t_le_eabi_balanced.a(utilops.o)
                              C:/Program Files/SEGGER/SEGGER Embedded Studio for ARM 6.32b/lib/libc_v7em_fpv4_sp_d16_hard_t_le_eabi_balanced.a(__SEGGER_RTL_vfscanf_long.o) (__SEGGER_RTL_digit)
C:/Program Files/SEGGER/SEGGER Embedded Studio for ARM 6.32b/lib/libc_v7em_fpv4_sp_d16_hard_t_le_eabi_balanced.a(floatasmops_arm.o)
                              C:/Program Files/SEGGER/SEGGER Embedded Studio for ARM 6.32b/lib/libc_v7em_fpv4_sp_d16_hard_t_le_eabi_balanced.a(utilops.o) (__aeabi_dmul)
C:/Program Files/SEGGER/SEGGER Embedded Studio for ARM 6.32b/lib/libc_v7em_fpv4_sp_d16_hard_t_le_eabi_balanced.a(intops.o)
                              C:/Program Files/SEGGER/SEGGER Embedded Studio for ARM 6.32b/lib/libc_v7em_fpv4_sp_d16_hard_t_le_eabi_balanced.a(timeops.o) (div)
C:/Program Files/SEGGER/SEGGER Embedded Studio for ARM 6.32b/lib/prinops_rtt_v7em_little.a(prinops_rtt.o)
                              C:/Program Files/SEGGER/SEGGER Embedded Studio for ARM 6.32b/lib/libc_v7em_fpv4_sp_d16_hard_t_le_eabi_balanced.a(fileops.o) (__SEGGER_RTL_X_file_stat)
C:/Program Files/SEGGER/SEGGER Embedded Studio for ARM 6.32b/lib/prinops_rtt_v7em_little.a(SEGGER_RTT.o)
                              C:/Program Files/SEGGER/SEGGER Embedded Studio for ARM 6.32b/lib/prinops_rtt_v7em_little.a(prinops_rtt.o) (SEGGER_RTT_Read)
C:/Program Files/SEGGER/SEGGER Embedded Studio for ARM 6.32b/lib/heapops_basic_v7em_little.a(heapops_basic.o)
                              Output/Debug/Obj/blinky_FreeRTOS_pca10040/thumb_crt0.o (__SEGGER_RTL_init_heap)
C:/Program Files/SEGGER/SEGGER Embedded Studio for ARM 6.32b/lib/heapops_disable_interrupts_locking_v7em_little.a(heapops.o)
                              C:/Program Files/SEGGER/SEGGER Embedded Studio for ARM 6.32b/lib/libc_v7em_fpv4_sp_d16_hard_t_le_eabi_balanced.a(strops.o) (malloc)

Discarded input sections

[...]
Memory Configuration

Name             Origin             Length             Attributes
UNPLACED_SECTIONS 0x0000000100000000 0x0000000000000000 xw
RAM1             0x0000000020000000 0x0000000000010000 xw
FLASH1           0x0000000000000000 0x0000000000080000 xw
*default*        0x0000000000000000 0xffffffffffffffff

Linker script and memory map

                0x00000000000045d8                __SEGGER_RTL_vfprintf = __SEGGER_RTL_vfprintf_long
                0x0000000000000000                __SEGGER_RTL_vfscanf = __SEGGER_RTL_vfscanf_long
                0x0000000020000000                __RAM1_segment_start__ = 0x20000000
                0x0000000020010000                __RAM1_segment_end__ = 0x20010000
                0x0000000000010000                __RAM1_segment_size__ = 0x10000
                0x0000000000000000                __FLASH1_segment_start__ = 0x0
                0x0000000000080000                __FLASH1_segment_end__ = 0x80000
                0x0000000000080000                __FLASH1_segment_size__ = 0x80000
                0x0000000000002000                __HEAPSIZE__ = 0x2000
                0x0000000000000000                __STACKSIZE_PROCESS__ = 0x0
                0x0000000000002000                __STACKSIZE__ = 0x2000
                0x0000000020000000                __vectors_ram_load_start__ = 0x20000000

.vectors_ram    0x0000000020000000        0x0
                0x0000000020000000                __vectors_ram_start__ = .
                0x0000000020000000                __app_ram_start__ = __vectors_ram_start__
 *(.vectors_ram .vectors_ram.*)
                0x0000000020000000                __vectors_ram_end__ = (__vectors_ram_start__ + SIZEOF (.vectors_ram))
                0x0000000000000000                __vectors_ram_size__ = SIZEOF (.vectors_ram)
                0x0000000020000000                __vectors_ram_load_end__ = __vectors_ram_end__
                0x0000000000000001                . = ASSERT (((__vectors_ram_start__ == __vectors_ram_end__) || ((__vectors_ram_end__ - __RAM1_segment_start__) <= __RAM1_segment_size__)), error: .vectors_ram is too large to fit in RAM1 memory segment)
                0x0000000020000000                __nrf_sections_run_load_start__ = ALIGN (__vectors_ram_end__, 0x4)

.nrf_sections_run
                0x0000000020000000        0x0
                0x0000000020000000                __nrf_sections_run_start__ = .
                0x0000000020000000                __start_nrf_sections_run = __nrf_sections_run_start__
 *(.nrf_sections_run .nrf_sections_run.*)
                0x0000000020000000                __nrf_sections_run_end__ = (__nrf_sections_run_start__ + SIZEOF (.nrf_sections_run))
                0x0000000000000000                __nrf_sections_run_size__ = SIZEOF (.nrf_sections_run)
                0x0000000020000000                __nrf_sections_run_load_end__ = __nrf_sections_run_end__
                0x0000000000000001                . = ASSERT (((__nrf_sections_run_start__ == __nrf_sections_run_end__) || ((__nrf_sections_run_end__ - __RAM1_segment_start__) <= __RAM1_segment_size__)), error: .nrf_sections_run is too large to fit in RAM1 memory segment)
                0x0000000000000000                __vectors_load_start__ = 0x0

.vectors        0x0000000000000000      0x200
                0x0000000000000000                __vectors_start__ = .
 *(.vectors .vectors.*)
 .vectors       0x0000000000000000      0x200 Output/Debug/Obj/blinky_FreeRTOS_pca10040/ses_startup_nrf52.o
                0x0000000000000000                _vectors
                0x0000000000000200                __vectors_end__ = (__vectors_start__ + SIZEOF (.vectors))
                0x0000000000000200                __vectors_size__ = SIZEOF (.vectors)
                0x0000000000000200                __vectors_load_end__ = __vectors_end__
                0x0000000000000001                . = ASSERT (((__vectors_start__ == __vectors_end__) || ((__vectors_end__ - __FLASH1_segment_start__) <= __FLASH1_segment_size__)), error: .vectors is too large to fit in FLASH1 memory segment)
                0x0000000000000200                __init_load_start__ = ALIGN (__vectors_end__, 0x4)

.init           0x0000000000000200      0x1cc
                0x0000000000000200                __init_start__ = .
 *(.init .init.*)
 .init          0x0000000000000200      0x158 Output/Debug/Obj/blinky_FreeRTOS_pca10040/thumb_crt0.o
                0x0000000000000200                _start
                0x00000000000002ae                exit
 .init          0x0000000000000358       0x18 Output/Debug/Obj/blinky_FreeRTOS_pca10040/ses_startup_nrf52.o
                0x0000000000000358                NMI_Handler
                0x000000000000035a                HardFault_Handler
                0x000000000000035c                MemoryManagement_Handler
                0x000000000000035e                BusFault_Handler
                0x0000000000000360                UsageFault_Handler
                0x0000000000000364                DebugMon_Handler
                0x0000000000000368                SysTick_Handler
                0x000000000000036a                PWM1_IRQHandler
                0x000000000000036a                SWI2_EGU2_IRQHandler
                0x000000000000036a                RTC0_IRQHandler
                0x000000000000036a                RADIO_IRQHandler
                0x000000000000036a                PDM_IRQHandler
                0x000000000000036a                TEMP_IRQHandler
                0x000000000000036a                QDEC_IRQHandler
                0x000000000000036a                TIMER3_IRQHandler
                0x000000000000036a                FPU_IRQHandler
                0x000000000000036a                SPIM0_SPIS0_TWIM0_TWIS0_SPI0_TWI0_IRQHandler
                0x000000000000036a                SWI0_EGU0_IRQHandler
                0x000000000000036a                UARTE0_UART0_IRQHandler
                0x000000000000036a                TIMER4_IRQHandler
                0x000000000000036a                I2S_IRQHandler
                0x000000000000036a                SWI4_EGU4_IRQHandler
                0x000000000000036a                TIMER0_IRQHandler
                0x000000000000036a                Dummy_Handler
                0x000000000000036a                TIMER1_IRQHandler
                0x000000000000036a                PWM2_IRQHandler
                0x000000000000036a                ECB_IRQHandler
                0x000000000000036a                SPIM1_SPIS1_TWIM1_TWIS1_SPI1_TWI1_IRQHandler
                0x000000000000036a                SAADC_IRQHandler
                0x000000000000036a                CCM_AAR_IRQHandler
                0x000000000000036a                WDT_IRQHandler
                0x000000000000036a                SWI5_EGU5_IRQHandler
                0x000000000000036a                RNG_IRQHandler
                0x000000000000036a                RTC2_IRQHandler
                0x000000000000036a                PWM0_IRQHandler
                0x000000000000036a                SWI3_EGU3_IRQHandler
                0x000000000000036a                SWI1_EGU1_IRQHandler
                0x000000000000036a                SPIM2_SPIS2_SPI2_IRQHandler
                0x000000000000036a                NFCT_IRQHandler
                0x000000000000036a                TIMER2_IRQHandler
                0x000000000000036a                MWU_IRQHandler
                0x000000000000036a                COMP_LPCOMP_IRQHandler
                0x000000000000036c                nRFInitialize
 .init          0x0000000000000370       0x5c Output/Debug/Obj/blinky_FreeRTOS_pca10040/ses_startup_nrf_common.o
                0x0000000000000370                Reset_Handler
                0x0000000000000374                afterInitialize
                0x0000000000000398                InitializeUserMemorySections
                0x00000000000003cc                __init_end__ = (__init_start__ + SIZEOF (.init))
                0x00000000000001cc                __init_size__ = SIZEOF (.init)
                0x00000000000003cc                __init_load_end__ = __init_end__
                0x0000000000000001                . = ASSERT (((__init_start__ == __init_end__) || ((__init_end__ - __FLASH1_segment_start__) <= __FLASH1_segment_size__)), error: .init is too large to fit in FLASH1 memory segment)
                0x00000000000003cc                __init_rodata_load_start__ = ALIGN (__init_end__, 0x4)

.init_rodata    0x00000000000003cc        0x0
                0x00000000000003cc                __init_rodata_start__ = .
 *(.init_rodata .init_rodata.*)
                0x00000000000003cc                __init_rodata_end__ = (__init_rodata_start__ + SIZEOF (.init_rodata))
                0x0000000000000000                __init_rodata_size__ = SIZEOF (.init_rodata)
                0x00000000000003cc                __init_rodata_load_end__ = __init_rodata_end__
                0x0000000000000001                . = ASSERT (((__init_rodata_start__ == __init_rodata_end__) || ((__init_rodata_end__ - __FLASH1_segment_start__) <= __FLASH1_segment_size__)), error: .init_rodata is too large to fit in FLASH1 memory segment)
                0x00000000000003cc                __text_load_start__ = ALIGN (__init_rodata_end__, 0x4)

.text           0x00000000000003cc     0x4ba0
                0x00000000000003cc                __text_start__ = .
 *(.text .text.* .gnu.linkonce.t.* .glue_7t .glue_7 .gcc_except_table .ARM.extab* .gnu.linkonce.armextab.*)
 .glue_7        0x00000000000003cc        0x0 linker stubs
 .glue_7t       0x00000000000003cc        0x0 linker stubs
 .text.nrf_gpio_pin_port_decode
                0x00000000000003cc       0x30 Output/Debug/Obj/blinky_FreeRTOS_pca10040/boards.o
 .text.nrf_gpio_cfg
                0x00000000000003fc       0x62 Output/Debug/Obj/blinky_FreeRTOS_pca10040/boards.o
 .text.nrf_gpio_cfg_output
                0x000000000000045e       0x22 Output/Debug/Obj/blinky_FreeRTOS_pca10040/boards.o
 .text.nrf_gpio_cfg_input
                0x0000000000000480       0x2a Output/Debug/Obj/blinky_FreeRTOS_pca10040/boards.o
 .text.nrf_gpio_pin_set
                0x00000000000004aa       0x28 Output/Debug/Obj/blinky_FreeRTOS_pca10040/boards.o
 .text.nrf_gpio_pin_clear
                0x00000000000004d2       0x28 Output/Debug/Obj/blinky_FreeRTOS_pca10040/boards.o
 .text.nrf_gpio_pin_toggle
                0x00000000000004fa       0x44 Output/Debug/Obj/blinky_FreeRTOS_pca10040/boards.o
 .text.nrf_gpio_pin_write
                0x000000000000053e       0x24 Output/Debug/Obj/blinky_FreeRTOS_pca10040/boards.o
 .text.nrf_gpio_port_out_set
                0x0000000000000562       0x14 Output/Debug/Obj/blinky_FreeRTOS_pca10040/boards.o
 .text.nrf_gpio_port_out_clear
                0x0000000000000576       0x14 Output/Debug/Obj/blinky_FreeRTOS_pca10040/boards.o
 .text.nrf_gpio_pin_present_check
                0x000000000000058a       0x40 Output/Debug/Obj/blinky_FreeRTOS_pca10040/boards.o
 *fill*         0x00000000000005ca        0x2 
 .text.bsp_board_led_off
                0x00000000000005cc       0x34 Output/Debug/Obj/blinky_FreeRTOS_pca10040/boards.o
                0x00000000000005cc                bsp_board_led_off
 .text.bsp_board_leds_off
                0x0000000000000600       0x26 Output/Debug/Obj/blinky_FreeRTOS_pca10040/boards.o
                0x0000000000000600                bsp_board_leds_off
 *fill*         0x0000000000000626        0x2 
 .text.bsp_board_led_invert
                0x0000000000000628       0x34 Output/Debug/Obj/blinky_FreeRTOS_pca10040/boards.o
                0x0000000000000628                bsp_board_led_invert
 .text.bsp_board_leds_init
                0x000000000000065c       0x34 Output/Debug/Obj/blinky_FreeRTOS_pca10040/boards.o
 .text.bsp_board_buttons_init
                0x0000000000000690       0x34 Output/Debug/Obj/blinky_FreeRTOS_pca10040/boards.o
 .text.bsp_board_init
                0x00000000000006c4       0x2a Output/Debug/Obj/blinky_FreeRTOS_pca10040/boards.o
                0x00000000000006c4                bsp_board_init
 *fill*         0x00000000000006ee        0x2 
 .text.pvPortMalloc
                0x00000000000006f0       0x88 Output/Debug/Obj/blinky_FreeRTOS_pca10040/heap_1.o
                0x00000000000006f0                pvPortMalloc
 .text.vPortFree
                0x0000000000000778       0x20 Output/Debug/Obj/blinky_FreeRTOS_pca10040/heap_1.o
                0x0000000000000778                vPortFree
 .text.vListInitialise
                0x0000000000000798       0x36 Output/Debug/Obj/blinky_FreeRTOS_pca10040/list.o
                0x0000000000000798                vListInitialise
 .text.vListInitialiseItem
                0x00000000000007ce       0x10 Output/Debug/Obj/blinky_FreeRTOS_pca10040/list.o
                0x00000000000007ce                vListInitialiseItem
 .text.vListInsertEnd
                0x00000000000007de       0x3e Output/Debug/Obj/blinky_FreeRTOS_pca10040/list.o
                0x00000000000007de                vListInsertEnd
 .text.vListInsert
                0x000000000000081c       0x68 Output/Debug/Obj/blinky_FreeRTOS_pca10040/list.o
                0x000000000000081c                vListInsert
 .text.uxListRemove
                0x0000000000000884       0x4a Output/Debug/Obj/blinky_FreeRTOS_pca10040/list.o
                0x0000000000000884                uxListRemove
 *fill*         0x00000000000008ce        0x2 
 .text.vPortStartFirstTask
                0x00000000000008d0       0x20 Output/Debug/Obj/blinky_FreeRTOS_pca10040/port.o
                0x00000000000008d0                vPortStartFirstTask
 .text.SVC_Handler
                0x00000000000008f0       0x24 Output/Debug/Obj/blinky_FreeRTOS_pca10040/port.o
                0x00000000000008f0                SVC_Handler
 .text.PendSV_Handler
                0x0000000000000914       0x64 Output/Debug/Obj/blinky_FreeRTOS_pca10040/port.o
                0x0000000000000914                PendSV_Handler
 .text.__NVIC_GetPriorityGrouping
                0x0000000000000978       0x14 Output/Debug/Obj/blinky_FreeRTOS_pca10040/port_cmsis.o
 .text.__NVIC_SetPriority
                0x000000000000098c       0x50 Output/Debug/Obj/blinky_FreeRTOS_pca10040/port_cmsis.o
 .text.pxPortInitialiseStack
                0x00000000000009dc       0x60 Output/Debug/Obj/blinky_FreeRTOS_pca10040/port_cmsis.o
                0x00000000000009dc                pxPortInitialiseStack
 .text.prvTaskExitError
                0x0000000000000a3c       0x2c Output/Debug/Obj/blinky_FreeRTOS_pca10040/port_cmsis.o
 .text.xPortStartScheduler
                0x0000000000000a68       0xe8 Output/Debug/Obj/blinky_FreeRTOS_pca10040/port_cmsis.o
                0x0000000000000a68                xPortStartScheduler
 .text.vPortEnterCritical
                0x0000000000000b50       0x4c Output/Debug/Obj/blinky_FreeRTOS_pca10040/port_cmsis.o
                0x0000000000000b50                vPortEnterCritical
 .text.vPortExitCritical
                0x0000000000000b9c       0x44 Output/Debug/Obj/blinky_FreeRTOS_pca10040/port_cmsis.o
                0x0000000000000b9c                vPortExitCritical
 .text.vPortEnableVFP
                0x0000000000000be0       0x18 Output/Debug/Obj/blinky_FreeRTOS_pca10040/port_cmsis.o
 .text.vPortValidateInterruptPriority
                0x0000000000000bf8       0x78 Output/Debug/Obj/blinky_FreeRTOS_pca10040/port_cmsis.o
                0x0000000000000bf8                vPortValidateInterruptPriority
 .text.__NVIC_EnableIRQ
                0x0000000000000c70       0x34 Output/Debug/Obj/blinky_FreeRTOS_pca10040/port_cmsis_systick.o
 .text.__NVIC_ClearPendingIRQ
                0x0000000000000ca4       0x38 Output/Debug/Obj/blinky_FreeRTOS_pca10040/port_cmsis_systick.o
 .text.__NVIC_SetPriority
                0x0000000000000cdc       0x50 Output/Debug/Obj/blinky_FreeRTOS_pca10040/port_cmsis_systick.o
 .text.ulPortRaiseBASEPRI
                0x0000000000000d2c       0x20 Output/Debug/Obj/blinky_FreeRTOS_pca10040/port_cmsis_systick.o
 .text.nrf_rtc_cc_set
                0x0000000000000d4c       0x1c Output/Debug/Obj/blinky_FreeRTOS_pca10040/port_cmsis_systick.o
 .text.nrf_rtc_int_enable
                0x0000000000000d68       0x14 Output/Debug/Obj/blinky_FreeRTOS_pca10040/port_cmsis_systick.o
 .text.nrf_rtc_int_disable
                0x0000000000000d7c       0x14 Output/Debug/Obj/blinky_FreeRTOS_pca10040/port_cmsis_systick.o
 .text.nrf_rtc_event_clear
                0x0000000000000d90       0x2a Output/Debug/Obj/blinky_FreeRTOS_pca10040/port_cmsis_systick.o
 .text.nrf_rtc_counter_get
                0x0000000000000dba       0x10 Output/Debug/Obj/blinky_FreeRTOS_pca10040/port_cmsis_systick.o
 *fill*         0x0000000000000dca        0x2 
 .text.nrf_rtc_prescaler_set
                0x0000000000000dcc       0x30 Output/Debug/Obj/blinky_FreeRTOS_pca10040/port_cmsis_systick.o
 .text.nrf_rtc_task_trigger
                0x0000000000000dfc       0x1e Output/Debug/Obj/blinky_FreeRTOS_pca10040/port_cmsis_systick.o
 .text.nrf_rtc_event_enable
                0x0000000000000e1a       0x14 Output/Debug/Obj/blinky_FreeRTOS_pca10040/port_cmsis_systick.o
 *fill*         0x0000000000000e2e        0x2 
 .text.RTC1_IRQHandler
                0x0000000000000e30       0x94 Output/Debug/Obj/blinky_FreeRTOS_pca10040/port_cmsis_systick.o
                0x0000000000000e30                RTC1_IRQHandler
 .text.vPortSetupTimerInterrupt
                0x0000000000000ec4       0x48 Output/Debug/Obj/blinky_FreeRTOS_pca10040/port_cmsis_systick.o
                0x0000000000000ec4                vPortSetupTimerInterrupt
 .text.vPortSuppressTicksAndSleep
                0x0000000000000f0c       0xf0 Output/Debug/Obj/blinky_FreeRTOS_pca10040/port_cmsis_systick.o
                0x0000000000000f0c                vPortSuppressTicksAndSleep
 .text.ulPortRaiseBASEPRI
                0x0000000000000ffc       0x20 Output/Debug/Obj/blinky_FreeRTOS_pca10040/queue.o
 .text.xQueueGenericReset
                0x000000000000101c       0xc8 Output/Debug/Obj/blinky_FreeRTOS_pca10040/queue.o
                0x000000000000101c                xQueueGenericReset
 .text.xQueueGenericCreate
                0x00000000000010e4       0x70 Output/Debug/Obj/blinky_FreeRTOS_pca10040/queue.o
                0x00000000000010e4                xQueueGenericCreate
 .text.prvInitialiseNewQueue
                0x0000000000001154       0x3e Output/Debug/Obj/blinky_FreeRTOS_pca10040/queue.o
 *fill*         0x0000000000001192        0x2 
 .text.xQueueGenericSend
                0x0000000000001194      0x1c0 Output/Debug/Obj/blinky_FreeRTOS_pca10040/queue.o
                0x0000000000001194                xQueueGenericSend
 .text.xQueueGenericSendFromISR
                0x0000000000001354       0xe4 Output/Debug/Obj/blinky_FreeRTOS_pca10040/queue.o
                0x0000000000001354                xQueueGenericSendFromISR
 .text.xQueueReceive
                0x0000000000001438      0x194 Output/Debug/Obj/blinky_FreeRTOS_pca10040/queue.o
                0x0000000000001438                xQueueReceive
 .text.prvCopyDataToQueue
                0x00000000000015cc       0xd2 Output/Debug/Obj/blinky_FreeRTOS_pca10040/queue.o
 .text.prvCopyDataFromQueue
                0x000000000000169e       0x4a Output/Debug/Obj/blinky_FreeRTOS_pca10040/queue.o
 .text.prvUnlockQueue
                0x00000000000016e8       0xae Output/Debug/Obj/blinky_FreeRTOS_pca10040/queue.o
 .text.prvIsQueueEmpty
                0x0000000000001796       0x2a Output/Debug/Obj/blinky_FreeRTOS_pca10040/queue.o
 .text.prvIsQueueFull
                0x00000000000017c0       0x2e Output/Debug/Obj/blinky_FreeRTOS_pca10040/queue.o
 *fill*         0x00000000000017ee        0x2 
 .text.vQueueAddToRegistry
                0x00000000000017f0       0x48 Output/Debug/Obj/blinky_FreeRTOS_pca10040/queue.o
                0x00000000000017f0                vQueueAddToRegistry
 .text.vQueueWaitForMessageRestricted
                0x0000000000001838       0x66 Output/Debug/Obj/blinky_FreeRTOS_pca10040/queue.o
                0x0000000000001838                vQueueWaitForMessageRestricted
 .text.xTaskCreate
                0x000000000000189e       0x86 Output/Debug/Obj/blinky_FreeRTOS_pca10040/tasks.o
                0x000000000000189e                xTaskCreate
 .text.prvInitialiseNewTask
                0x0000000000001924      0x104 Output/Debug/Obj/blinky_FreeRTOS_pca10040/tasks.o
 .text.prvAddNewTaskToReadyList
                0x0000000000001a28       0xd8 Output/Debug/Obj/blinky_FreeRTOS_pca10040/tasks.o
 .text.vTaskDelay
                0x0000000000001b00       0x64 Output/Debug/Obj/blinky_FreeRTOS_pca10040/tasks.o
                0x0000000000001b00                vTaskDelay
 .text.vTaskStartScheduler
                0x0000000000001b64       0x88 Output/Debug/Obj/blinky_FreeRTOS_pca10040/tasks.o
                0x0000000000001b64                vTaskStartScheduler
 .text.vTaskSuspendAll
                0x0000000000001bec       0x14 Output/Debug/Obj/blinky_FreeRTOS_pca10040/tasks.o
                0x0000000000001bec                vTaskSuspendAll
 .text.prvGetExpectedIdleTime
                0x0000000000001c00       0x6c Output/Debug/Obj/blinky_FreeRTOS_pca10040/tasks.o
 .text.xTaskResumeAll
                0x0000000000001c6c      0x134 Output/Debug/Obj/blinky_FreeRTOS_pca10040/tasks.o
                0x0000000000001c6c                xTaskResumeAll
 .text.xTaskGetTickCount
                0x0000000000001da0       0x14 Output/Debug/Obj/blinky_FreeRTOS_pca10040/tasks.o
                0x0000000000001da0                xTaskGetTickCount
 .text.vTaskStepTick
                0x0000000000001db4       0x40 Output/Debug/Obj/blinky_FreeRTOS_pca10040/tasks.o
                0x0000000000001db4                vTaskStepTick
 .text.xTaskIncrementTick
                0x0000000000001df4      0x150 Output/Debug/Obj/blinky_FreeRTOS_pca10040/tasks.o
                0x0000000000001df4                xTaskIncrementTick
 .text.vTaskSwitchContext
                0x0000000000001f44       0xb0 Output/Debug/Obj/blinky_FreeRTOS_pca10040/tasks.o
                0x0000000000001f44                vTaskSwitchContext
 .text.vTaskPlaceOnEventList
                0x0000000000001ff4       0x40 Output/Debug/Obj/blinky_FreeRTOS_pca10040/tasks.o
                0x0000000000001ff4                vTaskPlaceOnEventList
 .text.vTaskPlaceOnEventListRestricted
                0x0000000000002034       0x4c Output/Debug/Obj/blinky_FreeRTOS_pca10040/tasks.o
                0x0000000000002034                vTaskPlaceOnEventListRestricted
 .text.xTaskRemoveFromEventList
                0x0000000000002080       0xc0 Output/Debug/Obj/blinky_FreeRTOS_pca10040/tasks.o
                0x0000000000002080                xTaskRemoveFromEventList
 .text.vTaskInternalSetTimeOutState
                0x0000000000002140       0x24 Output/Debug/Obj/blinky_FreeRTOS_pca10040/tasks.o
                0x0000000000002140                vTaskInternalSetTimeOutState
 .text.xTaskCheckForTimeOut
                0x0000000000002164       0xb0 Output/Debug/Obj/blinky_FreeRTOS_pca10040/tasks.o
                0x0000000000002164                xTaskCheckForTimeOut
 .text.vTaskMissedYield
                0x0000000000002214       0x10 Output/Debug/Obj/blinky_FreeRTOS_pca10040/tasks.o
                0x0000000000002214                vTaskMissedYield
 .text.prvIdleTask
                0x0000000000002224       0x7c Output/Debug/Obj/blinky_FreeRTOS_pca10040/tasks.o
 .text.eTaskConfirmSleepModeStatus
                0x00000000000022a0       0x5c Output/Debug/Obj/blinky_FreeRTOS_pca10040/tasks.o
                0x00000000000022a0                eTaskConfirmSleepModeStatus
 .text.prvInitialiseTaskLists
                0x00000000000022fc       0x7c Output/Debug/Obj/blinky_FreeRTOS_pca10040/tasks.o
 .text.prvCheckTasksWaitingTermination
                0x0000000000002378       0x58 Output/Debug/Obj/blinky_FreeRTOS_pca10040/tasks.o
 .text.prvDeleteTCB
                0x00000000000023d0       0x1e Output/Debug/Obj/blinky_FreeRTOS_pca10040/tasks.o
 *fill*         0x00000000000023ee        0x2 
 .text.prvResetNextTaskUnblockTime
                0x00000000000023f0       0x40 Output/Debug/Obj/blinky_FreeRTOS_pca10040/tasks.o
 .text.xTaskGetSchedulerState
                0x0000000000002430       0x34 Output/Debug/Obj/blinky_FreeRTOS_pca10040/tasks.o
                0x0000000000002430                xTaskGetSchedulerState
 .text.xTaskPriorityDisinherit
                0x0000000000002464       0xf4 Output/Debug/Obj/blinky_FreeRTOS_pca10040/tasks.o
                0x0000000000002464                xTaskPriorityDisinherit
 .text.prvAddCurrentTaskToDelayedList
                0x0000000000002558       0xc8 Output/Debug/Obj/blinky_FreeRTOS_pca10040/tasks.o
 .text.xTimerCreateTimerTask
                0x0000000000002620       0x58 Output/Debug/Obj/blinky_FreeRTOS_pca10040/timers.o
                0x0000000000002620                xTimerCreateTimerTask
 .text.xTimerCreate
                0x0000000000002678       0x38 Output/Debug/Obj/blinky_FreeRTOS_pca10040/timers.o
                0x0000000000002678                xTimerCreate
 .text.prvInitialiseNewTimer
                0x00000000000026b0       0x5c Output/Debug/Obj/blinky_FreeRTOS_pca10040/timers.o
 .text.xTimerGenericCommand
                0x000000000000270c       0x8c Output/Debug/Obj/blinky_FreeRTOS_pca10040/timers.o
                0x000000000000270c                xTimerGenericCommand
 .text.prvProcessExpiredTimer
                0x0000000000002798       0x78 Output/Debug/Obj/blinky_FreeRTOS_pca10040/timers.o
 .text.prvTimerTask
                0x0000000000002810       0x20 Output/Debug/Obj/blinky_FreeRTOS_pca10040/timers.o
 .text.prvProcessTimerOrBlockTask
                0x0000000000002830       0x9c Output/Debug/Obj/blinky_FreeRTOS_pca10040/timers.o
 .text.prvGetNextExpireTime
                0x00000000000028cc       0x40 Output/Debug/Obj/blinky_FreeRTOS_pca10040/timers.o
 .text.prvSampleTimeNow
                0x000000000000290c       0x3c Output/Debug/Obj/blinky_FreeRTOS_pca10040/timers.o
 .text.prvInsertTimerInActiveList
                0x0000000000002948       0x84 Output/Debug/Obj/blinky_FreeRTOS_pca10040/timers.o
 .text.prvProcessReceivedCommands
                0x00000000000029cc      0x13c Output/Debug/Obj/blinky_FreeRTOS_pca10040/timers.o
 .text.prvSwitchTimerLists
                0x0000000000002b08       0xb8 Output/Debug/Obj/blinky_FreeRTOS_pca10040/timers.o
 .text.prvCheckForValidListAndQueue
                0x0000000000002bc0       0x6c Output/Debug/Obj/blinky_FreeRTOS_pca10040/timers.o
 .text.app_error_save_and_stop
                0x0000000000002c2c       0x98 Output/Debug/Obj/blinky_FreeRTOS_pca10040/app_error.o
                0x0000000000002c2c                app_error_save_and_stop
 .text.app_error_handler
                0x0000000000002cc4       0x1c Output/Debug/Obj/blinky_FreeRTOS_pca10040/app_error_handler_gcc.o
                0x0000000000002cc4                app_error_handler
 .text.app_error_fault_handler
                0x0000000000002ce0       0x54 Output/Debug/Obj/blinky_FreeRTOS_pca10040/app_error_weak.o
                0x0000000000002ce0                app_error_fault_handler
 .text.app_util_disable_irq
                0x0000000000002d34       0x18 Output/Debug/Obj/blinky_FreeRTOS_pca10040/app_util_platform.o
                0x0000000000002d34                app_util_disable_irq
 .text.app_util_enable_irq
                0x0000000000002d4c       0x20 Output/Debug/Obj/blinky_FreeRTOS_pca10040/app_util_platform.o
                0x0000000000002d4c                app_util_enable_irq
 .text.app_util_critical_region_enter
                0x0000000000002d6c       0x28 Output/Debug/Obj/blinky_FreeRTOS_pca10040/app_util_platform.o
                0x0000000000002d6c                app_util_critical_region_enter
 .text.app_util_critical_region_exit
                0x0000000000002d94       0x2c Output/Debug/Obj/blinky_FreeRTOS_pca10040/app_util_platform.o
                0x0000000000002d94                app_util_critical_region_exit
 .text.privilege_level_get
                0x0000000000002dc0       0x3a Output/Debug/Obj/blinky_FreeRTOS_pca10040/app_util_platform.o
                0x0000000000002dc0                privilege_level_get
 .text.assert_nrf_callback
                0x0000000000002dfa       0x2c Output/Debug/Obj/blinky_FreeRTOS_pca10040/nrf_assert.o
                0x0000000000002dfa                assert_nrf_callback
 *fill*         0x0000000000002e26        0x2 
 .text.nrf_wdt_started
                0x0000000000002e28       0x18 Output/Debug/Obj/blinky_FreeRTOS_pca10040/nrf_drv_clock.o
 .text.nrf_drv_clock_init
                0x0000000000002e40       0x64 Output/Debug/Obj/blinky_FreeRTOS_pca10040/nrf_drv_clock.o
                0x0000000000002e40                nrf_drv_clock_init
 .text.item_enqueue
                0x0000000000002ea4       0x38 Output/Debug/Obj/blinky_FreeRTOS_pca10040/nrf_drv_clock.o
 .text.item_dequeue
                0x0000000000002edc       0x20 Output/Debug/Obj/blinky_FreeRTOS_pca10040/nrf_drv_clock.o
 .text.nrf_drv_clock_lfclk_request
                0x0000000000002efc       0x9c Output/Debug/Obj/blinky_FreeRTOS_pca10040/nrf_drv_clock.o
                0x0000000000002efc                nrf_drv_clock_lfclk_request
 .text.clock_clk_started_notify
                0x0000000000002f98       0x4c Output/Debug/Obj/blinky_FreeRTOS_pca10040/nrf_drv_clock.o
 .text.clock_irq_handler
                0x0000000000002fe4       0x40 Output/Debug/Obj/blinky_FreeRTOS_pca10040/nrf_drv_clock.o
 .text.__NVIC_EnableIRQ
                0x0000000000003024       0x34 Output/Debug/Obj/blinky_FreeRTOS_pca10040/nrfx_clock.o
 .text.__NVIC_SetPriority
                0x0000000000003058       0x50 Output/Debug/Obj/blinky_FreeRTOS_pca10040/nrfx_clock.o
 .text.nrfx_get_irq_number
                0x00000000000030a8       0x10 Output/Debug/Obj/blinky_FreeRTOS_pca10040/nrfx_clock.o
 .text._NRFX_IRQ_PRIORITY_SET
                0x00000000000030b8       0x40 Output/Debug/Obj/blinky_FreeRTOS_pca10040/nrfx_clock.o
 .text._NRFX_IRQ_ENABLE
                0x00000000000030f8       0x1c Output/Debug/Obj/blinky_FreeRTOS_pca10040/nrfx_clock.o
 .text._NRFX_IRQ_IS_ENABLED
                0x0000000000003114       0x4c Output/Debug/Obj/blinky_FreeRTOS_pca10040/nrfx_clock.o
 .text.nrf_clock_int_enable
                0x0000000000003160       0x14 Output/Debug/Obj/blinky_FreeRTOS_pca10040/nrfx_clock.o
 .text.nrf_clock_int_disable
                0x0000000000003174       0x14 Output/Debug/Obj/blinky_FreeRTOS_pca10040/nrfx_clock.o
 .text.nrf_clock_task_trigger
                0x0000000000003188       0x1a Output/Debug/Obj/blinky_FreeRTOS_pca10040/nrfx_clock.o
 .text.nrf_clock_event_clear
                0x00000000000031a2       0x28 Output/Debug/Obj/blinky_FreeRTOS_pca10040/nrfx_clock.o
 .text.nrf_clock_event_check
                0x00000000000031ca       0x22 Output/Debug/Obj/blinky_FreeRTOS_pca10040/nrfx_clock.o
 .text.nrf_clock_lf_src_set
                0x00000000000031ec       0x14 Output/Debug/Obj/blinky_FreeRTOS_pca10040/nrfx_clock.o
 .text.nrfx_power_clock_irq_init
                0x0000000000003200       0x56 Output/Debug/Obj/blinky_FreeRTOS_pca10040/nrfx_clock.o
 *fill*         0x0000000000003256        0x2 
 .text.nrfx_clock_anomaly_132
                0x0000000000003258       0x54 Output/Debug/Obj/blinky_FreeRTOS_pca10040/nrfx_clock.o
 .text.nrfx_clock_init
                0x00000000000032ac       0x4c Output/Debug/Obj/blinky_FreeRTOS_pca10040/nrfx_clock.o
                0x00000000000032ac                nrfx_clock_init
 .text.nrfx_clock_enable
                0x00000000000032f8       0x28 Output/Debug/Obj/blinky_FreeRTOS_pca10040/nrfx_clock.o
                0x00000000000032f8                nrfx_clock_enable
 .text.nrfx_clock_lfclk_start
                0x0000000000003320       0x38 Output/Debug/Obj/blinky_FreeRTOS_pca10040/nrfx_clock.o
                0x0000000000003320                nrfx_clock_lfclk_start
 .text.POWER_CLOCK_IRQHandler
                0x0000000000003358       0x68 Output/Debug/Obj/blinky_FreeRTOS_pca10040/nrfx_clock.o
                0x0000000000003358                POWER_CLOCK_IRQHandler
 .text.nrf_gpiote_event_is_set
                0x00000000000033c0       0x2a Output/Debug/Obj/blinky_FreeRTOS_pca10040/nrfx_gpiote.o
 .text.nrf_gpiote_event_clear
                0x00000000000033ea       0x36 Output/Debug/Obj/blinky_FreeRTOS_pca10040/nrfx_gpiote.o
 .text.nrf_gpiote_event_addr_get
                0x0000000000003420       0x1a Output/Debug/Obj/blinky_FreeRTOS_pca10040/nrfx_gpiote.o
 *fill*         0x000000000000343a        0x2 
 .text.nrf_gpiote_int_is_enabled
                0x000000000000343c       0x18 Output/Debug/Obj/blinky_FreeRTOS_pca10040/nrfx_gpiote.o
 .text.nrf_gpiote_event_pin_get
                0x0000000000003454       0x20 Output/Debug/Obj/blinky_FreeRTOS_pca10040/nrfx_gpiote.o
 .text.nrf_gpiote_event_polarity_get
                0x0000000000003474       0x24 Output/Debug/Obj/blinky_FreeRTOS_pca10040/nrfx_gpiote.o
 .text.nrf_gpio_pin_port_decode
                0x0000000000003498       0x30 Output/Debug/Obj/blinky_FreeRTOS_pca10040/nrfx_gpiote.o
 .text.nrf_gpio_cfg_sense_set
                0x00000000000034c8       0x5c Output/Debug/Obj/blinky_FreeRTOS_pca10040/nrfx_gpiote.o
 .text.nrf_gpio_pin_sense_get
                0x0000000000003524       0x2c Output/Debug/Obj/blinky_FreeRTOS_pca10040/nrfx_gpiote.o
 .text.nrf_gpio_latches_read_and_clear
                0x0000000000003550       0x5c Output/Debug/Obj/blinky_FreeRTOS_pca10040/nrfx_gpiote.o
 .text.nrf_gpio_pin_latch_clear
                0x00000000000035ac       0x28 Output/Debug/Obj/blinky_FreeRTOS_pca10040/nrfx_gpiote.o
 .text.nrf_gpio_pin_present_check
                0x00000000000035d4       0x40 Output/Debug/Obj/blinky_FreeRTOS_pca10040/nrfx_gpiote.o
 .text.nrf_bitmask_bit_is_set
                0x0000000000003614       0x30 Output/Debug/Obj/blinky_FreeRTOS_pca10040/nrfx_gpiote.o
 .text.channel_port_get
                0x0000000000003644       0x1c Output/Debug/Obj/blinky_FreeRTOS_pca10040/nrfx_gpiote.o
 .text.channel_handler_get
                0x0000000000003660       0x18 Output/Debug/Obj/blinky_FreeRTOS_pca10040/nrfx_gpiote.o
 .text.port_handler_pin_get
                0x0000000000003678       0x28 Output/Debug/Obj/blinky_FreeRTOS_pca10040/nrfx_gpiote.o
 .text.port_handler_polarity_get
                0x00000000000036a0       0x28 Output/Debug/Obj/blinky_FreeRTOS_pca10040/nrfx_gpiote.o
 .text.latch_pending_read_and_check
                0x00000000000036c8       0x3e Output/Debug/Obj/blinky_FreeRTOS_pca10040/nrfx_gpiote.o
 *fill*         0x0000000000003706        0x2 
 .text.port_event_handle
                0x0000000000003708       0xe4 Output/Debug/Obj/blinky_FreeRTOS_pca10040/nrfx_gpiote.o
 .text.GPIOTE_IRQHandler
                0x00000000000037ec      0x104 Output/Debug/Obj/blinky_FreeRTOS_pca10040/nrfx_gpiote.o
                0x00000000000037ec                GPIOTE_IRQHandler
 .text.led_toggle_task_function
                0x00000000000038f0       0x20 Output/Debug/Obj/blinky_FreeRTOS_pca10040/main.o
 .text.led_toggle_timer_callback
                0x0000000000003910       0x14 Output/Debug/Obj/blinky_FreeRTOS_pca10040/main.o
 .text.main     0x0000000000003924       0xa8 Output/Debug/Obj/blinky_FreeRTOS_pca10040/main.o
                0x0000000000003924                main
 .text.__NVIC_SystemReset
                0x00000000000039cc       0x28 Output/Debug/Obj/blinky_FreeRTOS_pca10040/system_nrf52.o
 .text.nrf52_errata_12
                0x00000000000039f4       0x88 Output/Debug/Obj/blinky_FreeRTOS_pca10040/system_nrf52.o
 .text.nrf52_errata_16
                0x0000000000003a7c       0x68 Output/Debug/Obj/blinky_FreeRTOS_pca10040/system_nrf52.o
 .text.nrf52_errata_31
                0x0000000000003ae4       0x88 Output/Debug/Obj/blinky_FreeRTOS_pca10040/system_nrf52.o
 .text.nrf52_errata_32
                0x0000000000003b6c       0x68 Output/Debug/Obj/blinky_FreeRTOS_pca10040/system_nrf52.o
 .text.nrf52_errata_36
                0x0000000000003bd4       0x88 Output/Debug/Obj/blinky_FreeRTOS_pca10040/system_nrf52.o
 .text.nrf52_errata_37
                0x0000000000003c5c       0x68 Output/Debug/Obj/blinky_FreeRTOS_pca10040/system_nrf52.o
 .text.nrf52_errata_57
                0x0000000000003cc4       0x68 Output/Debug/Obj/blinky_FreeRTOS_pca10040/system_nrf52.o
 .text.nrf52_errata_66
                0x0000000000003d2c       0x88 Output/Debug/Obj/blinky_FreeRTOS_pca10040/system_nrf52.o
 .text.nrf52_errata_108
                0x0000000000003db4       0x88 Output/Debug/Obj/blinky_FreeRTOS_pca10040/system_nrf52.o
 .text.nrf52_errata_136
                0x0000000000003e3c       0x88 Output/Debug/Obj/blinky_FreeRTOS_pca10040/system_nrf52.o
 .text.nrf52_errata_182
                0x0000000000003ec4       0x60 Output/Debug/Obj/blinky_FreeRTOS_pca10040/system_nrf52.o
 .text.nrf52_errata_249
                0x0000000000003f24       0x60 Output/Debug/Obj/blinky_FreeRTOS_pca10040/system_nrf52.o
 .text.nrf52_handle_approtect
                0x0000000000003f84       0x20 Output/Debug/Obj/blinky_FreeRTOS_pca10040/system_nrf52.o
 .text.nvmc_wait
                0x0000000000003fa4       0x18 Output/Debug/Obj/blinky_FreeRTOS_pca10040/system_nrf52.o
                0x0000000000003fa4                nvmc_wait
 .text.nvmc_config
                0x0000000000003fbc       0x20 Output/Debug/Obj/blinky_FreeRTOS_pca10040/system_nrf52.o
                0x0000000000003fbc                nvmc_config
 .text.SystemCoreClockUpdate
                0x0000000000003fdc       0x14 Output/Debug/Obj/blinky_FreeRTOS_pca10040/system_nrf52.o
                0x0000000000003fdc                SystemCoreClockUpdate
 .text.SystemInit
                0x0000000000003ff0      0x2ac Output/Debug/Obj/blinky_FreeRTOS_pca10040/system_nrf52.o
                0x0000000000003ff0                SystemInit
 .text.libc.fwrite
                0x000000000000429c       0x2e C:/Program Files/SEGGER/SEGGER Embedded Studio for ARM 6.32b/lib/libc_v7em_fpv4_sp_d16_hard_t_le_eabi_balanced.a(fileops.o)
                0x000000000000429c                fwrite
 *fill*         0x00000000000042ca        0x2 
 .text.libc.strlen
                0x00000000000042cc       0x60 C:/Program Files/SEGGER/SEGGER Embedded Studio for ARM 6.32b/lib/libc_v7em_fpv4_sp_d16_hard_t_le_eabi_balanced.a(strasmops_arm.o)
                0x00000000000042cc                strlen
 .text.libc.memcpy
                0x000000000000432c       0x64 C:/Program Files/SEGGER/SEGGER Embedded Studio for ARM 6.32b/lib/libc_v7em_fpv4_sp_d16_hard_t_le_eabi_balanced.a(strasmops_arm.o)
                0x000000000000432c                __aeabi_memcpy
                0x000000000000432c                memcpy
                0x000000000000434e                __aeabi_memcpy8
                0x000000000000434e                __aeabi_memcpy4
 .text.libc.__aeabi_memclr
                0x0000000000004390       0x68 C:/Program Files/SEGGER/SEGGER Embedded Studio for ARM 6.32b/lib/libc_v7em_fpv4_sp_d16_hard_t_le_eabi_balanced.a(strasmops_arm.o)
                0x0000000000004390                __aeabi_memclr8
                0x0000000000004390                __aeabi_memclr
                0x0000000000004390                __aeabi_memclr4
                0x0000000000004392                __aeabi_memset4
                0x0000000000004392                __aeabi_memset8
                0x0000000000004392                __aeabi_memset
                0x0000000000004398                memset
 .text.libc.strnlen
                0x00000000000043f8       0x4c C:/Program Files/SEGGER/SEGGER Embedded Studio for ARM 6.32b/lib/libc_v7em_fpv4_sp_d16_hard_t_le_eabi_balanced.a(strops.o)
                0x00000000000043f8                strnlen
 .text.libc.__SEGGER_RTL_putc
                0x0000000000004444       0x90 C:/Program Files/SEGGER/SEGGER Embedded Studio for ARM 6.32b/lib/libc_v7em_fpv4_sp_d16_hard_t_le_eabi_balanced.a(prinops.o)
                0x0000000000004444                __SEGGER_RTL_putc
 .text.libc.__SEGGER_RTL_prin_flush
                0x00000000000044d4       0x16 C:/Program Files/SEGGER/SEGGER Embedded Studio for ARM 6.32b/lib/libc_v7em_fpv4_sp_d16_hard_t_le_eabi_balanced.a(prinops.o)
                0x00000000000044d4                __SEGGER_RTL_prin_flush
 .text.libc.__SEGGER_RTL_print_padding
                0x00000000000044ea       0x1e C:/Program Files/SEGGER/SEGGER Embedded Studio for ARM 6.32b/lib/libc_v7em_fpv4_sp_d16_hard_t_le_eabi_balanced.a(prinops.o)
                0x00000000000044ea                __SEGGER_RTL_print_padding
 .text.libc.__SEGGER_RTL_pre_padding
                0x0000000000004508       0x12 C:/Program Files/SEGGER/SEGGER Embedded Studio for ARM 6.32b/lib/libc_v7em_fpv4_sp_d16_hard_t_le_eabi_balanced.a(prinops.o)
                0x0000000000004508                __SEGGER_RTL_pre_padding
 .text.libc.vfprintf
                0x000000000000451a       0x1c C:/Program Files/SEGGER/SEGGER Embedded Studio for ARM 6.32b/lib/libc_v7em_fpv4_sp_d16_hard_t_le_eabi_balanced.a(prinops.o)
                0x000000000000451a                vfprintf
 .text.libc.vfprintf_l
                0x0000000000004536       0x6c C:/Program Files/SEGGER/SEGGER Embedded Studio for ARM 6.32b/lib/libc_v7em_fpv4_sp_d16_hard_t_le_eabi_balanced.a(prinops.o)
                0x0000000000004536                vfprintf_l
 .text.libc.__SEGGER_RTL_stream_write
                0x00000000000045a2        0xa C:/Program Files/SEGGER/SEGGER Embedded Studio for ARM 6.32b/lib/libc_v7em_fpv4_sp_d16_hard_t_le_eabi_balanced.a(prinops.o)
 .text.libc.printf
                0x00000000000045ac       0x2c C:/Program Files/SEGGER/SEGGER Embedded Studio for ARM 6.32b/lib/libc_v7em_fpv4_sp_d16_hard_t_le_eabi_balanced.a(prinops.o)
                0x00000000000045ac                printf
 .text.libc.__SEGGER_RTL_vfprintf_long
                0x00000000000045d8      0x570 C:/Program Files/SEGGER/SEGGER Embedded Studio for ARM 6.32b/lib/libc_v7em_fpv4_sp_d16_hard_t_le_eabi_balanced.a(__SEGGER_RTL_vfprintf_long.o)
                0x00000000000045d8                __SEGGER_RTL_vfprintf_long
 .text.libc.__aeabi_uldivmod
                0x0000000000004b48      0x130 C:/Program Files/SEGGER/SEGGER Embedded Studio for ARM 6.32b/lib/libc_v7em_fpv4_sp_d16_hard_t_le_eabi_balanced.a(intasmops_arm.o)
                0x0000000000004b48                __aeabi_uldivmod
 .text.libc.__SEGGER_RTL_current_locale
                0x0000000000004c78       0x1a C:/Program Files/SEGGER/SEGGER Embedded Studio for ARM 6.32b/lib/libc_v7em_fpv4_sp_d16_hard_t_le_eabi_balanced.a(mbops.o)
                0x0000000000004c78                __SEGGER_RTL_current_locale
 .text.libc.__SEGGER_RTL_ascii_mbtowc
                0x0000000000004c92       0x2e C:/Program Files/SEGGER/SEGGER Embedded Studio for ARM 6.32b/lib/libc_v7em_fpv4_sp_d16_hard_t_le_eabi_balanced.a(mbops.o)
                0x0000000000004c92                __SEGGER_RTL_ascii_mbtowc
 .text.libc.__SEGGER_RTL_ascii_wctomb
                0x0000000000004cc0        0xe C:/Program Files/SEGGER/SEGGER Embedded Studio for ARM 6.32b/lib/libc_v7em_fpv4_sp_d16_hard_t_le_eabi_balanced.a(mbops.o)
                0x0000000000004cc0                __SEGGER_RTL_ascii_wctomb
 .text.libc.__SEGGER_RTL_ascii_isctype
                0x0000000000004cce       0x20 C:/Program Files/SEGGER/SEGGER Embedded Studio for ARM 6.32b/lib/libc_v7em_fpv4_sp_d16_hard_t_le_eabi_balanced.a(mbops.o)
 .text.libc.__SEGGER_RTL_ascii_toupper
                0x0000000000004cee        0xc C:/Program Files/SEGGER/SEGGER Embedded Studio for ARM 6.32b/lib/libc_v7em_fpv4_sp_d16_hard_t_le_eabi_balanced.a(mbops.o)
 .text.libc.__SEGGER_RTL_ascii_tolower
                0x0000000000004cfa        0xc C:/Program Files/SEGGER/SEGGER Embedded Studio for ARM 6.32b/lib/libc_v7em_fpv4_sp_d16_hard_t_le_eabi_balanced.a(mbops.o)
 .text.libc.__SEGGER_RTL_ascii_iswctype
                0x0000000000004d06       0x20 C:/Program Files/SEGGER/SEGGER Embedded Studio for ARM 6.32b/lib/libc_v7em_fpv4_sp_d16_hard_t_le_eabi_balanced.a(mbops.o)
 .text.libc.__SEGGER_RTL_ascii_towupper
                0x0000000000004d26        0xc C:/Program Files/SEGGER/SEGGER Embedded Studio for ARM 6.32b/lib/libc_v7em_fpv4_sp_d16_hard_t_le_eabi_balanced.a(mbops.o)
 .text.libc.__SEGGER_RTL_ascii_towlower
                0x0000000000004d32        0xc C:/Program Files/SEGGER/SEGGER Embedded Studio for ARM 6.32b/lib/libc_v7em_fpv4_sp_d16_hard_t_le_eabi_balanced.a(mbops.o)
 *fill*         0x0000000000004d3e        0x2 
 .text.__SEGGER_RTL_X_file_stat
                0x0000000000004d40       0x30 C:/Program Files/SEGGER/SEGGER Embedded Studio for ARM 6.32b/lib/prinops_rtt_v7em_little.a(prinops_rtt.o)
                0x0000000000004d40                __SEGGER_RTL_X_file_stat
 .text.__SEGGER_RTL_X_file_bufsize
                0x0000000000004d70        0x4 C:/Program Files/SEGGER/SEGGER Embedded Studio for ARM 6.32b/lib/prinops_rtt_v7em_little.a(prinops_rtt.o)
                0x0000000000004d70                __SEGGER_RTL_X_file_bufsize
 .text.__SEGGER_RTL_X_file_write
                0x0000000000004d74        0x8 C:/Program Files/SEGGER/SEGGER Embedded Studio for ARM 6.32b/lib/prinops_rtt_v7em_little.a(prinops_rtt.o)
                0x0000000000004d74                __SEGGER_RTL_X_file_write
 .text._DoInit  0x0000000000004d7c       0x68 C:/Program Files/SEGGER/SEGGER Embedded Studio for ARM 6.32b/lib/prinops_rtt_v7em_little.a(SEGGER_RTT.o)
 .text._WriteNoCheck
                0x0000000000004de4       0x54 C:/Program Files/SEGGER/SEGGER Embedded Studio for ARM 6.32b/lib/prinops_rtt_v7em_little.a(SEGGER_RTT.o)
 .text._WriteBlocking
                0x0000000000004e38       0x64 C:/Program Files/SEGGER/SEGGER Embedded Studio for ARM 6.32b/lib/prinops_rtt_v7em_little.a(SEGGER_RTT.o)
 .text.SEGGER_RTT_WriteNoLock
                0x0000000000004e9c       0x88 C:/Program Files/SEGGER/SEGGER Embedded Studio for ARM 6.32b/lib/prinops_rtt_v7em_little.a(SEGGER_RTT.o)
                0x0000000000004e9c                SEGGER_RTT_WriteNoLock
 .text.SEGGER_RTT_Write
                0x0000000000004f24       0x34 C:/Program Files/SEGGER/SEGGER Embedded Studio for ARM 6.32b/lib/prinops_rtt_v7em_little.a(SEGGER_RTT.o)
                0x0000000000004f24                SEGGER_RTT_Write
 .text.__SEGGER_RTL_init_heap
                0x0000000000004f58       0x14 C:/Program Files/SEGGER/SEGGER Embedded Studio for ARM 6.32b/lib/heapops_basic_v7em_little.a(heapops_basic.o)
                0x0000000000004f58                __SEGGER_RTL_init_heap
                0x0000000000004f6c                __text_end__ = (__text_start__ + SIZEOF (.text))
                0x0000000000004ba0                __text_size__ = SIZEOF (.text)
                0x0000000000004f6c                __text_load_end__ = __text_end__

.vfp11_veneer   0x0000000100000000        0x0
 .vfp11_veneer  0x0000000100000000        0x0 linker stubs

.v4_bx          0x0000000100000000        0x0
 .v4_bx         0x0000000100000000        0x0 linker stubs

.iplt           0x0000000100000000        0x0
 .iplt          0x0000000100000000        0x0 Output/Debug/Obj/blinky_FreeRTOS_pca10040/thumb_crt0.o
                0x0000000000000001                . = ASSERT (((__text_start__ == __text_end__) || ((__text_end__ - __FLASH1_segment_start__) <= __FLASH1_segment_size__)), error: .text is too large to fit in FLASH1 memory segment)
                0x0000000000004f6c                __log_const_data_load_start__ = ALIGN (__text_end__, 0x4)

.log_const_data
                0x0000000000004f6c        0x0
                0x0000000000004f6c                __log_const_data_start__ = .
                0x0000000000004f6c                __start_log_const_data = __log_const_data_start__
 *(SORT_BY_NAME(.log_const_data*))
                0x0000000000004f6c                __log_const_data_end__ = (__log_const_data_start__ + SIZEOF (.log_const_data))
                0x0000000000000000                __log_const_data_size__ = SIZEOF (.log_const_data)
                0x0000000000004f6c                __stop_log_const_data = __log_const_data_end__
                0x0000000000004f6c                __log_const_data_load_end__ = __log_const_data_end__
                0x0000000000000001                . = ASSERT (((__log_const_data_start__ == __log_const_data_end__) || ((__log_const_data_end__ - __FLASH1_segment_start__) <= __FLASH1_segment_size__)), error: .log_const_data is too large to fit in FLASH1 memory segment)
                0x0000000000004f6c                __log_backends_load_start__ = ALIGN (__log_const_data_end__, 0x4)

.log_backends   0x0000000000004f6c        0x0
                0x0000000000004f6c                __log_backends_start__ = .
                0x0000000000004f6c                __start_log_backends = __log_backends_start__
 *(SORT_BY_NAME(.log_backends*))
                0x0000000000004f6c                __log_backends_end__ = (__log_backends_start__ + SIZEOF (.log_backends))
                0x0000000000000000                __log_backends_size__ = SIZEOF (.log_backends)
                0x0000000000004f6c                __stop_log_backends = __log_backends_end__
                0x0000000000004f6c                __log_backends_load_end__ = __log_backends_end__
                0x0000000000000001                . = ASSERT (((__log_backends_start__ == __log_backends_end__) || ((__log_backends_end__ - __FLASH1_segment_start__) <= __FLASH1_segment_size__)), error: .log_backends is too large to fit in FLASH1 memory segment)
                0x0000000000004f6c                __nrf_balloc_load_start__ = ALIGN (__log_backends_end__, 0x4)

.nrf_balloc     0x0000000000004f6c        0x0
                0x0000000000004f6c                __nrf_balloc_start__ = .
                0x0000000000004f6c                __start_nrf_balloc = __nrf_balloc_start__
 *(.nrf_balloc*)
                0x0000000000004f6c                __nrf_balloc_end__ = (__nrf_balloc_start__ + SIZEOF (.nrf_balloc))
                0x0000000000000000                __nrf_balloc_size__ = SIZEOF (.nrf_balloc)
                0x0000000000004f6c                __stop_nrf_balloc = __nrf_balloc_end__
                0x0000000000004f6c                __nrf_balloc_load_end__ = __nrf_balloc_end__
                0x0000000000000001                . = ASSERT (((__nrf_balloc_start__ == __nrf_balloc_end__) || ((__nrf_balloc_end__ - __FLASH1_segment_start__) <= __FLASH1_segment_size__)), error: .nrf_balloc is too large to fit in FLASH1 memory segment)
                0x0000000000004f6c                __nrf_sections_load_start__ = ALIGN (__nrf_balloc_end__, 0x4)

.nrf_sections   0x0000000000004f6c        0x0
                0x0000000000004f6c                __nrf_sections_start__ = .
                0x0000000000004f6c                __start_nrf_sections = __nrf_sections_start__
 *(.nrf_sections .nrf_sections.*)
                0x0000000000004f6c                __nrf_sections_end__ = (__nrf_sections_start__ + SIZEOF (.nrf_sections))
                0x0000000000000000                __nrf_sections_size__ = SIZEOF (.nrf_sections)
                0x0000000000004f6c                __nrf_sections_load_end__ = __nrf_sections_end__
                0x0000000000000001                . = ASSERT (((__nrf_sections_start__ == __nrf_sections_end__) || ((__nrf_sections_end__ - __FLASH1_segment_start__) <= __FLASH1_segment_size__)), error: .nrf_sections is too large to fit in FLASH1 memory segment)
                0x0000000000004f6c                __log_dynamic_data_load_start__ = ALIGN (__nrf_sections_end__, 0x4)

.log_dynamic_data
                0x0000000020000000        0x0 load address 0x0000000000004f6c
                0x0000000020000000                __log_dynamic_data_start__ = .
 *(SORT_BY_NAME(.log_dynamic_data*))
                0x0000000020000000                __log_dynamic_data_end__ = (__log_dynamic_data_start__ + SIZEOF (.log_dynamic_data))
                0x0000000000000000                __log_dynamic_data_size__ = SIZEOF (.log_dynamic_data)
                0x0000000000004f6c                __log_dynamic_data_load_end__ = (__log_dynamic_data_load_start__ + SIZEOF (.log_dynamic_data))
                0x0000000000000001                . = ASSERT (((__log_dynamic_data_load_start__ == __log_dynamic_data_load_end__) || ((__log_dynamic_data_load_end__ - __FLASH1_segment_start__) <= __FLASH1_segment_size__)), error: .log_dynamic_data is too large to fit in FLASH1 memory segment)

.log_dynamic_data_run
                0x0000000020000000        0x0
                0x0000000020000000                __log_dynamic_data_run_start__ = .
                0x0000000020000000                __start_log_dynamic_data = __log_dynamic_data_run_start__
                0x0000000020000000                __log_dynamic_data_run_end__ = (__log_dynamic_data_run_start__ + SIZEOF (.log_dynamic_data))
                0x0000000000000000                __log_dynamic_data_run_size__ = (__log_dynamic_data_run_end__ - __log_dynamic_data_run_start__)
                0x0000000020000000                __stop_log_dynamic_data = __log_dynamic_data_run_end__
                0x0000000020000000                __log_dynamic_data_run_load_end__ = __log_dynamic_data_run_end__
                0x0000000000000001                . = ASSERT (((__log_dynamic_data_run_start__ == __log_dynamic_data_run_end__) || ((__log_dynamic_data_run_end__ - __RAM1_segment_start__) <= __RAM1_segment_size__)), error: .log_dynamic_data_run is too large to fit in RAM1 memory segment)
                0x0000000000004f6c                __log_filter_data_load_start__ = ALIGN ((__log_dynamic_data_load_start__ + SIZEOF (.log_dynamic_data)), 0x4)

.log_filter_data
                0x0000000020000000        0x0 load address 0x0000000000004f6c
                0x0000000020000000                __log_filter_data_start__ = .
 *(SORT_BY_NAME(.log_filter_data*))
                0x0000000020000000                __log_filter_data_end__ = (__log_filter_data_start__ + SIZEOF (.log_filter_data))
                0x0000000000000000                __log_filter_data_size__ = SIZEOF (.log_filter_data)
                0x0000000000004f6c                __log_filter_data_load_end__ = (__log_filter_data_load_start__ + SIZEOF (.log_filter_data))
                0x0000000000000001                . = ASSERT (((__log_filter_data_load_start__ == __log_filter_data_load_end__) || ((__log_filter_data_load_end__ - __FLASH1_segment_start__) <= __FLASH1_segment_size__)), error: .log_filter_data is too large to fit in FLASH1 memory segment)

.log_filter_data_run
                0x0000000020000000        0x0
                0x0000000020000000                __log_filter_data_run_start__ = .
                0x0000000020000000                __start_log_filter_data = __log_filter_data_run_start__
                0x0000000020000000                __log_filter_data_run_end__ = (__log_filter_data_run_start__ + SIZEOF (.log_filter_data))
                0x0000000000000000                __log_filter_data_run_size__ = (__log_filter_data_run_end__ - __log_filter_data_run_start__)
                0x0000000020000000                __stop_log_filter_data = __log_filter_data_run_end__
                0x0000000020000000                __log_filter_data_run_load_end__ = __log_filter_data_run_end__
                0x0000000000000001                . = ASSERT (((__log_filter_data_run_start__ == __log_filter_data_run_end__) || ((__log_filter_data_run_end__ - __RAM1_segment_start__) <= __RAM1_segment_size__)), error: .log_filter_data_run is too large to fit in RAM1 memory segment)
                0x0000000020000000                __nrf_sections_run_end_load_start__ = ALIGN (__log_filter_data_run_end__, 0x4)

.nrf_sections_run_end
                0x0000000020000000        0x0
                0x0000000020000000                __nrf_sections_run_end_start__ = .
                0x0000000020000000                __end_nrf_sections_run = __nrf_sections_run_end_start__
 *(.nrf_sections_run_end .nrf_sections_run_end.*)
                0x0000000020000000                __nrf_sections_run_end_end__ = (__nrf_sections_run_end_start__ + SIZEOF (.nrf_sections_run_end))
                0x0000000000000000                __nrf_sections_run_end_size__ = SIZEOF (.nrf_sections_run_end)
                0x0000000020000000                __nrf_sections_run_end_load_end__ = __nrf_sections_run_end_end__
                0x0000000000000001                . = ASSERT (((__nrf_sections_run_end_start__ == __nrf_sections_run_end_end__) || ((__nrf_sections_run_end_end__ - __RAM1_segment_start__) <= __RAM1_segment_size__)), error: .nrf_sections_run_end is too large to fit in RAM1 memory segment)
                0x0000000000004f6c                __dtors_load_start__ = ALIGN ((__log_filter_data_load_start__ + SIZEOF (.log_filter_data)), 0x4)

.dtors          0x0000000000004f6c        0x0
                0x0000000000004f6c                __dtors_start__ = .
 *(SORT_BY_NAME(.dtors.*))
 *(.dtors)
 *(.fini_array)
 *(SORT_BY_NAME(.fini_array.*))
                0x0000000000004f6c                __dtors_end__ = (__dtors_start__ + SIZEOF (.dtors))
                0x0000000000000000                __dtors_size__ = SIZEOF (.dtors)
                0x0000000000004f6c                __dtors_load_end__ = __dtors_end__
                0x0000000000000001                . = ASSERT (((__dtors_start__ == __dtors_end__) || ((__dtors_end__ - __FLASH1_segment_start__) <= __FLASH1_segment_size__)), error: .dtors is too large to fit in FLASH1 memory segment)
                0x0000000000004f6c                __ctors_load_start__ = ALIGN (__dtors_end__, 0x4)

.ctors          0x0000000000004f6c        0x0
                0x0000000000004f6c                __ctors_start__ = .
 *(SORT_BY_NAME(.ctors.*))
 *(.ctors)
 *(.init_array)
 *(SORT_BY_NAME(.init_array.*))
                0x0000000000004f6c                __ctors_end__ = (__ctors_start__ + SIZEOF (.ctors))
                0x0000000000000000                __ctors_size__ = SIZEOF (.ctors)
                0x0000000000004f6c                __ctors_load_end__ = __ctors_end__
                0x0000000000000001                . = ASSERT (((__ctors_start__ == __ctors_end__) || ((__ctors_end__ - __FLASH1_segment_start__) <= __FLASH1_segment_size__)), error: .ctors is too large to fit in FLASH1 memory segment)
                0x0000000000004f6c                __rodata_load_start__ = ALIGN (__ctors_end__, 0x4)

.rodata         0x0000000000004f6c      0x8a1
                0x0000000000004f6c                __rodata_start__ = .
 *(.rodata .rodata.* .gnu.linkonce.r.*)
 .rodata        0x0000000000004f6c       0x99 Output/Debug/Obj/blinky_FreeRTOS_pca10040/boards.o
 *fill*         0x0000000000005005        0x3 
 .rodata.m_board_led_list
                0x0000000000005008        0x4 Output/Debug/Obj/blinky_FreeRTOS_pca10040/boards.o
 .rodata.m_board_btn_list
                0x000000000000500c        0x4 Output/Debug/Obj/blinky_FreeRTOS_pca10040/boards.o
 .rodata        0x0000000000005010       0x81 Output/Debug/Obj/blinky_FreeRTOS_pca10040/heap_1.o
 *fill*         0x0000000000005091        0x3 
 .rodata        0x0000000000005094       0x82 Output/Debug/Obj/blinky_FreeRTOS_pca10040/port_cmsis.o
 *fill*         0x0000000000005116        0x2 
 .rodata        0x0000000000005118       0x2d Output/Debug/Obj/blinky_FreeRTOS_pca10040/port_cmsis_systick.o
 *fill*         0x0000000000005145        0x3 
 .rodata        0x0000000000005148       0x6f Output/Debug/Obj/blinky_FreeRTOS_pca10040/queue.o
 *fill*         0x00000000000051b7        0x1 
 .rodata        0x00000000000051b8       0x75 Output/Debug/Obj/blinky_FreeRTOS_pca10040/tasks.o
 *fill*         0x000000000000522d        0x3 
 .rodata        0x0000000000005230       0x7d Output/Debug/Obj/blinky_FreeRTOS_pca10040/timers.o
 *fill*         0x00000000000052ad        0x3 
 .rodata        0x00000000000052b0       0x7c Output/Debug/Obj/blinky_FreeRTOS_pca10040/app_util_platform.o
 .rodata        0x000000000000532c       0x76 Output/Debug/Obj/blinky_FreeRTOS_pca10040/nrf_drv_clock.o
 *fill*         0x00000000000053a2        0x2 
 .rodata        0x00000000000053a4       0xa4 Output/Debug/Obj/blinky_FreeRTOS_pca10040/nrfx_clock.o
 .rodata        0x0000000000005448       0xd5 Output/Debug/Obj/blinky_FreeRTOS_pca10040/nrfx_gpiote.o
 *fill*         0x000000000000551d        0x3 
 .rodata        0x0000000000005520       0x85 Output/Debug/Obj/blinky_FreeRTOS_pca10040/main.o
 .rodata.libc.__SEGGER_RTL_hex_uc
                0x00000000000055a5       0x10 C:/Program Files/SEGGER/SEGGER Embedded Studio for ARM 6.32b/lib/libc_v7em_fpv4_sp_d16_hard_t_le_eabi_balanced.a(prinops.o)
                0x00000000000055a5                __SEGGER_RTL_hex_uc
 .rodata.libc.__SEGGER_RTL_hex_lc
                0x00000000000055b5       0x10 C:/Program Files/SEGGER/SEGGER Embedded Studio for ARM 6.32b/lib/libc_v7em_fpv4_sp_d16_hard_t_le_eabi_balanced.a(prinops.o)
                0x00000000000055b5                __SEGGER_RTL_hex_lc
 .rodata.libc..L.str
                0x00000000000055c5        0x7 C:/Program Files/SEGGER/SEGGER Embedded Studio for ARM 6.32b/lib/libc_v7em_fpv4_sp_d16_hard_t_le_eabi_balanced.a(__SEGGER_RTL_vfprintf_long.o)
 .rodata.libc.__SEGGER_RTL_c_locale
                0x00000000000055cc        0xc C:/Program Files/SEGGER/SEGGER Embedded Studio for ARM 6.32b/lib/libc_v7em_fpv4_sp_d16_hard_t_le_eabi_balanced.a(mbops.o)
                0x00000000000055cc                __SEGGER_RTL_c_locale
 .rodata.libc..L.str
                0x00000000000055d8        0x2 C:/Program Files/SEGGER/SEGGER Embedded Studio for ARM 6.32b/lib/libc_v7em_fpv4_sp_d16_hard_t_le_eabi_balanced.a(mbops.o)
 *fill*         0x00000000000055da        0x2 
 .rodata.libc.__SEGGER_RTL_codeset_ascii
                0x00000000000055dc       0x20 C:/Program Files/SEGGER/SEGGER Embedded Studio for ARM 6.32b/lib/libc_v7em_fpv4_sp_d16_hard_t_le_eabi_balanced.a(mbops.o)
                0x00000000000055dc                __SEGGER_RTL_codeset_ascii
 .rodata.libc.__SEGGER_RTL_c_locale_abbrev_day_names
                0x00000000000055fc       0x1d C:/Program Files/SEGGER/SEGGER Embedded Studio for ARM 6.32b/lib/libc_v7em_fpv4_sp_d16_hard_t_le_eabi_balanced.a(mbops.o)
                0x00000000000055fc                __SEGGER_RTL_c_locale_abbrev_day_names
 .rodata.libc.__SEGGER_RTL_c_locale_abbrev_month_names
                0x0000000000005619       0x31 C:/Program Files/SEGGER/SEGGER Embedded Studio for ARM 6.32b/lib/libc_v7em_fpv4_sp_d16_hard_t_le_eabi_balanced.a(mbops.o)
                0x0000000000005619                __SEGGER_RTL_c_locale_abbrev_month_names
 .rodata.libc.__SEGGER_RTL_data_utf8_period
                0x000000000000564a        0x2 C:/Program Files/SEGGER/SEGGER Embedded Studio for ARM 6.32b/lib/libc_v7em_fpv4_sp_d16_hard_t_le_eabi_balanced.a(mbops.o)
                0x000000000000564a                __SEGGER_RTL_data_utf8_period
 .rodata.libc.__SEGGER_RTL_data_empty_string
                0x000000000000564c        0x1 C:/Program Files/SEGGER/SEGGER Embedded Studio for ARM 6.32b/lib/libc_v7em_fpv4_sp_d16_hard_t_le_eabi_balanced.a(mbops.o)
                0x000000000000564c                __SEGGER_RTL_data_empty_string
 .rodata.libc.__SEGGER_RTL_c_locale_day_names
                0x000000000000564d       0x3a C:/Program Files/SEGGER/SEGGER Embedded Studio for ARM 6.32b/lib/libc_v7em_fpv4_sp_d16_hard_t_le_eabi_balanced.a(mbops.o)
 .rodata.libc.__SEGGER_RTL_c_locale_month_names
                0x0000000000005687       0x57 C:/Program Files/SEGGER/SEGGER Embedded Studio for ARM 6.32b/lib/libc_v7em_fpv4_sp_d16_hard_t_le_eabi_balanced.a(mbops.o)
 .rodata.libc.__SEGGER_RTL_c_locale_am_pm_indicator
                0x00000000000056de        0x7 C:/Program Files/SEGGER/SEGGER Embedded Studio for ARM 6.32b/lib/libc_v7em_fpv4_sp_d16_hard_t_le_eabi_balanced.a(mbops.o)
 .rodata.libc.__SEGGER_RTL_c_locale_date_format
                0x00000000000056e5        0x9 C:/Program Files/SEGGER/SEGGER Embedded Studio for ARM 6.32b/lib/libc_v7em_fpv4_sp_d16_hard_t_le_eabi_balanced.a(mbops.o)
 .rodata.libc.__SEGGER_RTL_c_locale_time_format
                0x00000000000056ee        0x9 C:/Program Files/SEGGER/SEGGER Embedded Studio for ARM 6.32b/lib/libc_v7em_fpv4_sp_d16_hard_t_le_eabi_balanced.a(mbops.o)
 .rodata.libc.__SEGGER_RTL_c_locale_date_time_format
                0x00000000000056f7        0xf C:/Program Files/SEGGER/SEGGER Embedded Studio for ARM 6.32b/lib/libc_v7em_fpv4_sp_d16_hard_t_le_eabi_balanced.a(mbops.o)
 *fill*         0x0000000000005706        0x2 
 .rodata.libc.__SEGGER_RTL_c_locale_data
                0x0000000000005708       0x58 C:/Program Files/SEGGER/SEGGER Embedded Studio for ARM 6.32b/lib/libc_v7em_fpv4_sp_d16_hard_t_le_eabi_balanced.a(mbops.o)
                0x0000000000005708                __SEGGER_RTL_c_locale_data
 .rodata.libc.__SEGGER_RTL_ascii_ctype_map
                0x0000000000005760       0x80 C:/Program Files/SEGGER/SEGGER Embedded Studio for ARM 6.32b/lib/libc_v7em_fpv4_sp_d16_hard_t_le_eabi_balanced.a(mbops.o)
 .rodata.libc.__SEGGER_RTL_ascii_ctype_mask
                0x00000000000057e0        0xd C:/Program Files/SEGGER/SEGGER Embedded Studio for ARM 6.32b/lib/libc_v7em_fpv4_sp_d16_hard_t_le_eabi_balanced.a(mbops.o)
 *fill*         0x00000000000057ed        0x3 
 .rodata._DoInit.str1.4
                0x00000000000057f0        0x9 C:/Program Files/SEGGER/SEGGER Embedded Studio for ARM 6.32b/lib/prinops_rtt_v7em_little.a(SEGGER_RTT.o)
 *fill*         0x00000000000057f9        0x3 
 .rodata._aInitStr.0
                0x00000000000057fc       0x11 C:/Program Files/SEGGER/SEGGER Embedded Studio for ARM 6.32b/lib/prinops_rtt_v7em_little.a(SEGGER_RTT.o)
                0x000000000000580d                __rodata_end__ = (__rodata_start__ + SIZEOF (.rodata))
                0x00000000000008a1                __rodata_size__ = SIZEOF (.rodata)
                0x000000000000580d                __rodata_load_end__ = __rodata_end__

.rel.dyn        0x0000000000005810        0x0
 .rel.iplt      0x0000000000005810        0x0 Output/Debug/Obj/blinky_FreeRTOS_pca10040/thumb_crt0.o
                0x0000000000000001                . = ASSERT (((__rodata_start__ == __rodata_end__) || ((__rodata_end__ - __FLASH1_segment_start__) <= __FLASH1_segment_size__)), error: .rodata is too large to fit in FLASH1 memory segment)
                0x0000000000005810                __ARM.exidx_load_start__ = ALIGN (__rodata_end__, 0x4)

.ARM.exidx      0x0000000000005810        0x0
                0x0000000000005810                __ARM.exidx_start__ = .
                0x0000000000005810                __exidx_start = __ARM.exidx_start__
 *(.ARM.exidx .ARM.exidx.*)
                0x0000000000005810                __ARM.exidx_end__ = (__ARM.exidx_start__ + SIZEOF (.ARM.exidx))
                0x0000000000000000                __ARM.exidx_size__ = SIZEOF (.ARM.exidx)
                0x0000000000005810                __exidx_end = __ARM.exidx_end__
                0x0000000000005810                __ARM.exidx_load_end__ = __ARM.exidx_end__
                0x0000000000000001                . = ASSERT (((__ARM.exidx_start__ == __ARM.exidx_end__) || ((__ARM.exidx_end__ - __FLASH1_segment_start__) <= __FLASH1_segment_size__)), error: .ARM.exidx is too large to fit in FLASH1 memory segment)
                0x0000000000005810                __fast_load_start__ = ALIGN (__ARM.exidx_end__, 0x4)

.fast           0x0000000020000000        0x0 load address 0x0000000000005810
                0x0000000020000000                __fast_start__ = .
 *(.fast .fast.*)
                0x0000000020000000                __fast_end__ = (__fast_start__ + SIZEOF (.fast))
                0x0000000000000000                __fast_size__ = SIZEOF (.fast)
                0x0000000000005810                __fast_load_end__ = (__fast_load_start__ + SIZEOF (.fast))
                0x0000000000000001                . = ASSERT (((__fast_load_start__ == __fast_load_end__) || ((__fast_load_end__ - __FLASH1_segment_start__) <= __FLASH1_segment_size__)), error: .fast is too large to fit in FLASH1 memory segment)

.fast_run       0x0000000020000000        0x0
                0x0000000020000000                __fast_run_start__ = .
                0x0000000020000000                __fast_run_end__ = (__fast_run_start__ + SIZEOF (.fast))
                0x0000000000000000                __fast_run_size__ = (__fast_run_end__ - __fast_run_start__)
                0x0000000020000000                __fast_run_load_end__ = __fast_run_end__
                0x0000000000000001                . = ASSERT (((__fast_run_start__ == __fast_run_end__) || ((__fast_run_end__ - __RAM1_segment_start__) <= __RAM1_segment_size__)), error: .fast_run is too large to fit in RAM1 memory segment)
                0x0000000000005810                __data_load_start__ = ALIGN ((__fast_load_start__ + SIZEOF (.fast)), 0x4)

.data           0x0000000020000000       0x24 load address 0x0000000000005810
                0x0000000020000000                __data_start__ = .
 *(.data .data.* .gnu.linkonce.d.*)
 .data.SystemCoreClock
                0x0000000020000000        0x4 Output/Debug/Obj/blinky_FreeRTOS_pca10040/system_nrf52.o
                0x0000000020000000                SystemCoreClock
 .data.libc.__SEGGER_RTL_global_locale
                0x0000000020000004       0x14 C:/Program Files/SEGGER/SEGGER Embedded Studio for ARM 6.32b/lib/libc_v7em_fpv4_sp_d16_hard_t_le_eabi_balanced.a(mbops.o)
                0x0000000020000004                __SEGGER_RTL_global_locale
                0x0000000020000004                __RAL_global_locale
 .data.stderr   0x0000000020000018        0x4 C:/Program Files/SEGGER/SEGGER Embedded Studio for ARM 6.32b/lib/prinops_rtt_v7em_little.a(prinops_rtt.o)
                0x0000000020000018                stderr
 .data.stdin    0x000000002000001c        0x4 C:/Program Files/SEGGER/SEGGER Embedded Studio for ARM 6.32b/lib/prinops_rtt_v7em_little.a(prinops_rtt.o)
                0x000000002000001c                stdin
 .data.stdout   0x0000000020000020        0x4 C:/Program Files/SEGGER/SEGGER Embedded Studio for ARM 6.32b/lib/prinops_rtt_v7em_little.a(prinops_rtt.o)
                0x0000000020000020                stdout
                0x0000000020000024                __data_end__ = (__data_start__ + SIZEOF (.data))
                0x0000000000000024                __data_size__ = SIZEOF (.data)
                0x0000000000005834                __data_load_end__ = (__data_load_start__ + SIZEOF (.data))

.igot.plt       0x0000000100000000        0x0
 .igot.plt      0x0000000100000000        0x0 Output/Debug/Obj/blinky_FreeRTOS_pca10040/thumb_crt0.o
                0x0000000000000001                . = ASSERT (((__data_load_start__ == __data_load_end__) || ((__data_load_end__ - __FLASH1_segment_start__) <= __FLASH1_segment_size__)), error: .data is too large to fit in FLASH1 memory segment)

.data_run       0x0000000020000000        0x0
                0x0000000020000000                __data_run_start__ = .
                0x0000000020000024                __data_run_end__ = (__data_run_start__ + SIZEOF (.data))
                0x0000000000000024                __data_run_size__ = (__data_run_end__ - __data_run_start__)
                0x0000000020000024                __data_run_load_end__ = __data_run_end__
                0x0000000000000001                . = ASSERT (((__data_run_start__ == __data_run_end__) || ((__data_run_end__ - __RAM1_segment_start__) <= __RAM1_segment_size__)), error: .data_run is too large to fit in RAM1 memory segment)
                0x0000000000005834                __tdata_load_start__ = ALIGN ((__data_load_start__ + SIZEOF (.data)), 0x4)

.tdata          0x0000000020000024        0x0 load address 0x0000000000005834
                0x0000000020000024                __tdata_start__ = .
 *(.tdata .tdata.*)
                0x0000000020000024                __tdata_end__ = (__tdata_start__ + SIZEOF (.tdata))
                0x0000000000000000                __tdata_size__ = SIZEOF (.tdata)
                0x0000000000005834                __tdata_load_end__ = (__tdata_load_start__ + SIZEOF (.tdata))
                0x0000000000005834                __FLASH1_segment_used_end__ = (ALIGN ((__data_load_start__ + SIZEOF (.data)), 0x4) + SIZEOF (.tdata))
                0x0000000000005834                __FLASH1_segment_used_size__ = (__FLASH1_segment_used_end__ - __FLASH1_segment_start__)
                0x0000000000000001                . = ASSERT (((__tdata_load_start__ == __tdata_load_end__) || ((__tdata_load_end__ - __FLASH1_segment_start__) <= __FLASH1_segment_size__)), error: .tdata is too large to fit in FLASH1 memory segment)

.tdata_run      0x0000000020000024        0x0
                0x0000000020000024                __tdata_run_start__ = .
                0x0000000020000024                __tdata_run_end__ = (__tdata_run_start__ + SIZEOF (.tdata))
                0x0000000000000000                __tdata_run_size__ = (__tdata_run_end__ - __tdata_run_start__)
                0x0000000020000024                __tdata_run_load_end__ = __tdata_run_end__
                0x0000000000000001                . = ASSERT (((__tdata_run_start__ == __tdata_run_end__) || ((__tdata_run_end__ - __RAM1_segment_start__) <= __RAM1_segment_size__)), error: .tdata_run is too large to fit in RAM1 memory segment)
                0x0000000020000024                __bss_load_start__ = ALIGN (__tdata_run_end__, 0x4)

.bss            0x0000000020000024     0x16ac
                0x0000000020000024                __bss_start__ = .
 *(.bss .bss.* .gnu.linkonce.b.*)
 .bss.ucHeap    0x0000000020000024     0x1000 Output/Debug/Obj/blinky_FreeRTOS_pca10040/heap_1.o
 .bss.xNextFreeByte
                0x0000000020001024        0x4 Output/Debug/Obj/blinky_FreeRTOS_pca10040/heap_1.o
 .bss.pucAlignedHeap.0
                0x0000000020001028        0x4 Output/Debug/Obj/blinky_FreeRTOS_pca10040/heap_1.o
 .bss.uxCriticalNesting
                0x000000002000102c        0x4 Output/Debug/Obj/blinky_FreeRTOS_pca10040/port_cmsis.o
 .bss.ucMaxSysCallPriority
                0x0000000020001030        0x1 Output/Debug/Obj/blinky_FreeRTOS_pca10040/port_cmsis.o
 *fill*         0x0000000020001031        0x3 
 .bss.ulMaxPRIGROUPValue
                0x0000000020001034        0x4 Output/Debug/Obj/blinky_FreeRTOS_pca10040/port_cmsis.o
 .bss.xQueueRegistry
                0x0000000020001038       0x10 Output/Debug/Obj/blinky_FreeRTOS_pca10040/queue.o
                0x0000000020001038                xQueueRegistry
 .bss.pxCurrentTCB
                0x0000000020001048        0x4 Output/Debug/Obj/blinky_FreeRTOS_pca10040/tasks.o
                0x0000000020001048                pxCurrentTCB
 .bss.pxReadyTasksLists
                0x000000002000104c       0x3c Output/Debug/Obj/blinky_FreeRTOS_pca10040/tasks.o
 .bss.xDelayedTaskList1
                0x0000000020001088       0x14 Output/Debug/Obj/blinky_FreeRTOS_pca10040/tasks.o
 .bss.xDelayedTaskList2
                0x000000002000109c       0x14 Output/Debug/Obj/blinky_FreeRTOS_pca10040/tasks.o
 .bss.pxDelayedTaskList
                0x00000000200010b0        0x4 Output/Debug/Obj/blinky_FreeRTOS_pca10040/tasks.o
 .bss.pxOverflowDelayedTaskList
                0x00000000200010b4        0x4 Output/Debug/Obj/blinky_FreeRTOS_pca10040/tasks.o
 .bss.xPendingReadyList
                0x00000000200010b8       0x14 Output/Debug/Obj/blinky_FreeRTOS_pca10040/tasks.o
 .bss.xTasksWaitingTermination
                0x00000000200010cc       0x14 Output/Debug/Obj/blinky_FreeRTOS_pca10040/tasks.o
 .bss.uxDeletedTasksWaitingCleanUp
                0x00000000200010e0        0x4 Output/Debug/Obj/blinky_FreeRTOS_pca10040/tasks.o
 .bss.xSuspendedTaskList
                0x00000000200010e4       0x14 Output/Debug/Obj/blinky_FreeRTOS_pca10040/tasks.o
 .bss.uxCurrentNumberOfTasks
                0x00000000200010f8        0x4 Output/Debug/Obj/blinky_FreeRTOS_pca10040/tasks.o
 .bss.xTickCount
                0x00000000200010fc        0x4 Output/Debug/Obj/blinky_FreeRTOS_pca10040/tasks.o
 .bss.uxTopReadyPriority
                0x0000000020001100        0x4 Output/Debug/Obj/blinky_FreeRTOS_pca10040/tasks.o
 .bss.xSchedulerRunning
                0x0000000020001104        0x4 Output/Debug/Obj/blinky_FreeRTOS_pca10040/tasks.o
 .bss.uxPendedTicks
                0x0000000020001108        0x4 Output/Debug/Obj/blinky_FreeRTOS_pca10040/tasks.o
 .bss.xYieldPending
                0x000000002000110c        0x4 Output/Debug/Obj/blinky_FreeRTOS_pca10040/tasks.o
 .bss.xNumOfOverflows
                0x0000000020001110        0x4 Output/Debug/Obj/blinky_FreeRTOS_pca10040/tasks.o
 .bss.uxTaskNumber
                0x0000000020001114        0x4 Output/Debug/Obj/blinky_FreeRTOS_pca10040/tasks.o
 .bss.xNextTaskUnblockTime
                0x0000000020001118        0x4 Output/Debug/Obj/blinky_FreeRTOS_pca10040/tasks.o
 .bss.xIdleTaskHandle
                0x000000002000111c        0x4 Output/Debug/Obj/blinky_FreeRTOS_pca10040/tasks.o
 .bss.uxSchedulerSuspended
                0x0000000020001120        0x4 Output/Debug/Obj/blinky_FreeRTOS_pca10040/tasks.o
 .bss.xActiveTimerList1
                0x0000000020001124       0x14 Output/Debug/Obj/blinky_FreeRTOS_pca10040/timers.o
 .bss.xActiveTimerList2
                0x0000000020001138       0x14 Output/Debug/Obj/blinky_FreeRTOS_pca10040/timers.o
 .bss.pxCurrentTimerList
                0x000000002000114c        0x4 Output/Debug/Obj/blinky_FreeRTOS_pca10040/timers.o
 .bss.pxOverflowTimerList
                0x0000000020001150        0x4 Output/Debug/Obj/blinky_FreeRTOS_pca10040/timers.o
 .bss.xTimerQueue
                0x0000000020001154        0x4 Output/Debug/Obj/blinky_FreeRTOS_pca10040/timers.o
 .bss.xTimerTaskHandle
                0x0000000020001158        0x4 Output/Debug/Obj/blinky_FreeRTOS_pca10040/timers.o
 .bss.xLastTime.0
                0x000000002000115c        0x4 Output/Debug/Obj/blinky_FreeRTOS_pca10040/timers.o
 .bss.m_error_data.0
                0x0000000020001160       0x20 Output/Debug/Obj/blinky_FreeRTOS_pca10040/app_error.o
 .bss.m_in_critical_region
                0x0000000020001180        0x4 Output/Debug/Obj/blinky_FreeRTOS_pca10040/app_util_platform.o
 .bss.m_clock_cb
                0x0000000020001184       0x14 Output/Debug/Obj/blinky_FreeRTOS_pca10040/nrf_drv_clock.o
 .bss.m_clock_cb
                0x0000000020001198        0x8 Output/Debug/Obj/blinky_FreeRTOS_pca10040/nrfx_clock.o
 .bss.m_cb      0x00000000200011a0       0x5c Output/Debug/Obj/blinky_FreeRTOS_pca10040/nrfx_gpiote.o
 .bss.led_toggle_task_handle
                0x00000000200011fc        0x4 Output/Debug/Obj/blinky_FreeRTOS_pca10040/main.o
                0x00000000200011fc                led_toggle_task_handle
 .bss.led_toggle_timer_handle
                0x0000000020001200        0x4 Output/Debug/Obj/blinky_FreeRTOS_pca10040/main.o
                0x0000000020001200                led_toggle_timer_handle
 .bss.libc.__SEGGER_RTL_locale_ptr
                0x0000000020001204        0x4 C:/Program Files/SEGGER/SEGGER Embedded Studio for ARM 6.32b/lib/libc_v7em_fpv4_sp_d16_hard_t_le_eabi_balanced.a(mbops.o)
                0x0000000020001204                __SEGGER_RTL_locale_ptr
 .bss.__SEGGER_RTL_stderr_file
                0x0000000020001208        0x4 C:/Program Files/SEGGER/SEGGER Embedded Studio for ARM 6.32b/lib/prinops_rtt_v7em_little.a(prinops_rtt.o)
 .bss.__SEGGER_RTL_stdin_file
                0x000000002000120c        0x4 C:/Program Files/SEGGER/SEGGER Embedded Studio for ARM 6.32b/lib/prinops_rtt_v7em_little.a(prinops_rtt.o)
 .bss.__SEGGER_RTL_stdout_file
                0x0000000020001210        0x4 C:/Program Files/SEGGER/SEGGER Embedded Studio for ARM 6.32b/lib/prinops_rtt_v7em_little.a(prinops_rtt.o)
 .bss._SEGGER_RTT
                0x0000000020001214       0xa8 C:/Program Files/SEGGER/SEGGER Embedded Studio for ARM 6.32b/lib/prinops_rtt_v7em_little.a(SEGGER_RTT.o)
                0x0000000020001214                _SEGGER_RTT
 .bss._acDownBuffer
                0x00000000200012bc       0x10 C:/Program Files/SEGGER/SEGGER Embedded Studio for ARM 6.32b/lib/prinops_rtt_v7em_little.a(SEGGER_RTT.o)
 .bss._acUpBuffer
                0x00000000200012cc      0x400 C:/Program Files/SEGGER/SEGGER Embedded Studio for ARM 6.32b/lib/prinops_rtt_v7em_little.a(SEGGER_RTT.o)
 .bss.__SEGGER_RTL_heap_globals
                0x00000000200016cc        0x4 C:/Program Files/SEGGER/SEGGER Embedded Studio for ARM 6.32b/lib/heapops_basic_v7em_little.a(heapops_basic.o)
 *(COMMON)
                0x00000000200016d0                __bss_end__ = (__bss_start__ + SIZEOF (.bss))
                0x00000000000016ac                __bss_size__ = SIZEOF (.bss)
                0x00000000200016d0                __bss_load_end__ = __bss_end__
                0x0000000000000001                . = ASSERT (((__bss_start__ == __bss_end__) || ((__bss_end__ - __RAM1_segment_start__) <= __RAM1_segment_size__)), error: .bss is too large to fit in RAM1 memory segment)
                0x00000000200016d0                __tbss_load_start__ = ALIGN (__bss_end__, 0x4)

.tbss           0x00000000200016d0        0x0
                0x00000000200016d0                __tbss_start__ = .
 *(.tbss .tbss.*)
                0x00000000200016d0                __tbss_end__ = (__tbss_start__ + SIZEOF (.tbss))
                0x0000000000000000                __tbss_size__ = SIZEOF (.tbss)
                0x00000000200016d0                __tbss_load_end__ = __tbss_end__
                0x0000000000000001                . = ASSERT (((__tbss_start__ == __tbss_end__) || ((__tbss_end__ - __RAM1_segment_start__) <= __RAM1_segment_size__)), error: .tbss is too large to fit in RAM1 memory segment)
                0x00000000200016d0                __non_init_load_start__ = ALIGN (__tbss_end__, 0x4)

.non_init       0x00000000200016d0        0x0
                0x00000000200016d0                __non_init_start__ = .
 *(.non_init .non_init.*)
                0x00000000200016d0                __non_init_end__ = (__non_init_start__ + SIZEOF (.non_init))
                0x0000000000000000                __non_init_size__ = SIZEOF (.non_init)
                0x00000000200016d0                __non_init_load_end__ = __non_init_end__
                0x0000000000000001                . = ASSERT (((__non_init_start__ == __non_init_end__) || ((__non_init_end__ - __RAM1_segment_start__) <= __RAM1_segment_size__)), error: .non_init is too large to fit in RAM1 memory segment)
                0x00000000200016d0                __heap_load_start__ = ALIGN (__non_init_end__, 0x4)

.heap           0x00000000200016d0     0x2000
                0x00000000200016d0                __heap_start__ = .
 *(.heap .heap.*)
                0x00000000200036d0                . = ALIGN (MAX ((__heap_start__ + __HEAPSIZE__), .), 0x4)
 *fill*         0x00000000200016d0     0x2000 
                0x00000000200036d0                __heap_end__ = (__heap_start__ + SIZEOF (.heap))
                0x0000000000002000                __heap_size__ = SIZEOF (.heap)
                0x00000000200036d0                __heap_load_end__ = __heap_end__
                0x0000000000000001                . = ASSERT (((__heap_start__ == __heap_end__) || ((__heap_end__ - __RAM1_segment_start__) <= __RAM1_segment_size__)), error: .heap is too large to fit in RAM1 memory segment)
                0x0000000000000001                . = ASSERT ((__heap_size__ <= __HEAPSIZE__), error: .heap is larger than specified size)
                0x000000002000e000                __stack_load_start__ = (__RAM1_segment_start__ + (__RAM1_segment_size__ - 0x2000))

.stack          0x000000002000e000     0x2000
                0x000000002000e000                __stack_start__ = .
                0x000000002000e000                __StackLimit = __stack_start__
 *(.stack .stack.*)
                0x0000000020010000                . = ALIGN (MAX ((__stack_start__ + __STACKSIZE__), .), 0x8)
 *fill*         0x000000002000e000     0x2000 
                0x0000000020010000                __stack_end__ = (__stack_start__ + SIZEOF (.stack))
                0x0000000000002000                __stack_size__ = SIZEOF (.stack)
                0x0000000020010000                __StackTop = __stack_end__
                0x0000000020010000                __stack_load_end__ = __stack_end__
                0x0000000000000001                . = ASSERT (((__stack_start__ == __stack_end__) || ((__stack_end__ - __RAM1_segment_start__) <= __RAM1_segment_size__)), error: .stack is too large to fit in RAM1 memory segment)
                0x0000000000000001                . = ASSERT ((__heap_end__ <= __stack_start__), error: section .heap overlaps absolute placed section .stack)
                0x0000000000000001                . = ASSERT ((__stack_size__ <= __STACKSIZE__), error: .stack is larger than specified size)
                0x0000000020010000                __stack_process_load_start__ = ALIGN (__stack_end__, 0x8)

.stack_process  0x0000000020010000        0x0
                0x0000000020010000                __stack_process_start__ = .
 *(.stack_process .stack_process.*)
                0x0000000020010000                . = ALIGN (MAX ((__stack_process_start__ + __STACKSIZE_PROCESS__), .), 0x8)
                0x0000000020010000                __stack_process_end__ = (__stack_process_start__ + SIZEOF (.stack_process))
                0x0000000000000000                __stack_process_size__ = SIZEOF (.stack_process)
                0x0000000020010000                __stack_process_load_end__ = __stack_process_end__
                0x0000000020010000                __RAM1_segment_used_end__ = (ALIGN (__stack_end__, 0x8) + SIZEOF (.stack_process))
                0x0000000000010000                __RAM1_segment_used_size__ = (__RAM1_segment_used_end__ - __RAM1_segment_start__)
                0x0000000000000001                . = ASSERT (((__stack_process_start__ == __stack_process_end__) || ((__stack_process_end__ - __RAM1_segment_start__) <= __RAM1_segment_size__)), error: .stack_process is too large to fit in RAM1 memory segment)
                0x0000000000000001                . = ASSERT ((__stack_process_size__ <= __STACKSIZE_PROCESS__), error: .stack_process is larger than specified size)
START GROUP
LOAD Output/Debug/Obj/blinky_FreeRTOS_pca10040/thumb_crt0.o
LOAD Output/Debug/Obj/blinky_FreeRTOS_pca10040/nrf_log_frontend.o
LOAD Output/Debug/Obj/blinky_FreeRTOS_pca10040/nrf_log_str_formatter.o
LOAD Output/Debug/Obj/blinky_FreeRTOS_pca10040/boards.o
LOAD Output/Debug/Obj/blinky_FreeRTOS_pca10040/croutine.o
LOAD Output/Debug/Obj/blinky_FreeRTOS_pca10040/event_groups.o
LOAD Output/Debug/Obj/blinky_FreeRTOS_pca10040/heap_1.o
LOAD Output/Debug/Obj/blinky_FreeRTOS_pca10040/list.o
LOAD Output/Debug/Obj/blinky_FreeRTOS_pca10040/port.o
LOAD Output/Debug/Obj/blinky_FreeRTOS_pca10040/port_cmsis.o
LOAD Output/Debug/Obj/blinky_FreeRTOS_pca10040/port_cmsis_systick.o
LOAD Output/Debug/Obj/blinky_FreeRTOS_pca10040/queue.o
LOAD Output/Debug/Obj/blinky_FreeRTOS_pca10040/stream_buffer.o
LOAD Output/Debug/Obj/blinky_FreeRTOS_pca10040/tasks.o
LOAD Output/Debug/Obj/blinky_FreeRTOS_pca10040/timers.o
LOAD Output/Debug/Obj/blinky_FreeRTOS_pca10040/app_button.o
LOAD Output/Debug/Obj/blinky_FreeRTOS_pca10040/app_error.o
LOAD Output/Debug/Obj/blinky_FreeRTOS_pca10040/app_error_handler_gcc.o
LOAD Output/Debug/Obj/blinky_FreeRTOS_pca10040/app_error_weak.o
LOAD Output/Debug/Obj/blinky_FreeRTOS_pca10040/app_timer_freertos.o
LOAD Output/Debug/Obj/blinky_FreeRTOS_pca10040/app_util_platform.o
LOAD Output/Debug/Obj/blinky_FreeRTOS_pca10040/nrf_assert.o
LOAD Output/Debug/Obj/blinky_FreeRTOS_pca10040/nrf_atomic.o
LOAD Output/Debug/Obj/blinky_FreeRTOS_pca10040/nrf_balloc.o
LOAD Output/Debug/Obj/blinky_FreeRTOS_pca10040/nrf_fprintf.o
LOAD Output/Debug/Obj/blinky_FreeRTOS_pca10040/nrf_fprintf_format.o
LOAD Output/Debug/Obj/blinky_FreeRTOS_pca10040/nrf_memobj.o
LOAD Output/Debug/Obj/blinky_FreeRTOS_pca10040/nrf_ringbuf.o
LOAD Output/Debug/Obj/blinky_FreeRTOS_pca10040/nrf_strerror.o
LOAD Output/Debug/Obj/blinky_FreeRTOS_pca10040/nrf_drv_clock.o
LOAD Output/Debug/Obj/blinky_FreeRTOS_pca10040/nrf_nvic.o
LOAD Output/Debug/Obj/blinky_FreeRTOS_pca10040/nrf_soc.o
LOAD Output/Debug/Obj/blinky_FreeRTOS_pca10040/nrfx_atomic.o
LOAD Output/Debug/Obj/blinky_FreeRTOS_pca10040/nrfx_clock.o
LOAD Output/Debug/Obj/blinky_FreeRTOS_pca10040/nrfx_gpiote.o
LOAD Output/Debug/Obj/blinky_FreeRTOS_pca10040/bsp.o
LOAD Output/Debug/Obj/blinky_FreeRTOS_pca10040/main.o
LOAD Output/Debug/Obj/blinky_FreeRTOS_pca10040/ses_startup_nrf52.o
LOAD Output/Debug/Obj/blinky_FreeRTOS_pca10040/ses_startup_nrf_common.o
LOAD Output/Debug/Obj/blinky_FreeRTOS_pca10040/system_nrf52.o
LOAD C:/Users/sachi/AppData/Local/SEGGER/SEGGER Embedded Studio/v3/packages/libraries/libcxx/lib/libcxx_noexcept_v7em_fpv4_sp_d16_hard_t_le_eabi_balanced.a
LOAD C:/Program Files/SEGGER/SEGGER Embedded Studio for ARM 6.32b/lib/libc_v7em_fpv4_sp_d16_hard_t_le_eabi_balanced.a
LOAD C:/Program Files/SEGGER/SEGGER Embedded Studio for ARM 6.32b/lib/prinops_rtt_v7em_little.a
LOAD C:/Program Files/SEGGER/SEGGER Embedded Studio for ARM 6.32b/lib/heapops_basic_v7em_little.a
LOAD C:/Program Files/SEGGER/SEGGER Embedded Studio for ARM 6.32b/lib/heapops_disable_interrupts_locking_v7em_little.a
END GROUP
OUTPUT(C:/nrf_sdk/DeviceDownload (2)/nRF5_SDK_17.1.0_ddde560/nRF5_SDK_17.1.0_ddde560/examples/myproject/freertos/pca10040/blank/ses/Output/Debug/Exe/blinky_FreeRTOS_pca10040.elf elf32-littlearm)
LOAD linker stubs

.ARM.attributes
                0x0000000000000000       0x36
 .ARM.attributes
                0x0000000000000000       0x20 Output/Debug/Obj/blinky_FreeRTOS_pca10040/thumb_crt0.o
 .ARM.attributes
                0x0000000000000020       0x36 Output/Debug/Obj/blinky_FreeRTOS_pca10040/boards.o
 .ARM.attributes
                0x0000000000000056       0x36 Output/Debug/Obj/blinky_FreeRTOS_pca10040/heap_1.o
 .ARM.attributes
                0x000000000000008c       0x36 Output/Debug/Obj/blinky_FreeRTOS_pca10040/list.o
 .ARM.attributes
                0x00000000000000c2       0x36 Output/Debug/Obj/blinky_FreeRTOS_pca10040/port.o
 .ARM.attributes
                0x00000000000000f8       0x36 Output/Debug/Obj/blinky_FreeRTOS_pca10040/port_cmsis.o
 .ARM.attributes
                0x000000000000012e       0x36 Output/Debug/Obj/blinky_FreeRTOS_pca10040/port_cmsis_systick.o
 .ARM.attributes
                0x0000000000000164       0x36 Output/Debug/Obj/blinky_FreeRTOS_pca10040/queue.o
 .ARM.attributes
                0x000000000000019a       0x36 Output/Debug/Obj/blinky_FreeRTOS_pca10040/tasks.o
 .ARM.attributes
                0x00000000000001d0       0x36 Output/Debug/Obj/blinky_FreeRTOS_pca10040/timers.o
 .ARM.attributes
                0x0000000000000206       0x36 Output/Debug/Obj/blinky_FreeRTOS_pca10040/app_error.o
 .ARM.attributes
                0x000000000000023c       0x36 Output/Debug/Obj/blinky_FreeRTOS_pca10040/app_error_handler_gcc.o
 .ARM.attributes
                0x0000000000000272       0x36 Output/Debug/Obj/blinky_FreeRTOS_pca10040/app_error_weak.o
 .ARM.attributes
                0x00000000000002a8       0x36 Output/Debug/Obj/blinky_FreeRTOS_pca10040/app_util_platform.o
 .ARM.attributes
                0x00000000000002de       0x36 Output/Debug/Obj/blinky_FreeRTOS_pca10040/nrf_assert.o
 .ARM.attributes
                0x0000000000000314       0x36 Output/Debug/Obj/blinky_FreeRTOS_pca10040/nrf_drv_clock.o
 .ARM.attributes
                0x000000000000034a       0x36 Output/Debug/Obj/blinky_FreeRTOS_pca10040/nrfx_clock.o
 .ARM.attributes
                0x0000000000000380       0x36 Output/Debug/Obj/blinky_FreeRTOS_pca10040/nrfx_gpiote.o
 .ARM.attributes
                0x00000000000003b6       0x36 Output/Debug/Obj/blinky_FreeRTOS_pca10040/main.o
 .ARM.attributes
                0x00000000000003ec       0x20 Output/Debug/Obj/blinky_FreeRTOS_pca10040/ses_startup_nrf52.o
 .ARM.attributes
                0x000000000000040c       0x20 Output/Debug/Obj/blinky_FreeRTOS_pca10040/ses_startup_nrf_common.o
 .ARM.attributes
                0x000000000000042c       0x36 Output/Debug/Obj/blinky_FreeRTOS_pca10040/system_nrf52.o
 .ARM.attributes
                0x0000000000000462       0x3e C:/Program Files/SEGGER/SEGGER Embedded Studio for ARM 6.32b/lib/libc_v7em_fpv4_sp_d16_hard_t_le_eabi_balanced.a(fileops.o)
 .ARM.attributes
                0x00000000000004a0       0x20 C:/Program Files/SEGGER/SEGGER Embedded Studio for ARM 6.32b/lib/libc_v7em_fpv4_sp_d16_hard_t_le_eabi_balanced.a(strasmops_arm.o)
 .ARM.attributes
                0x00000000000004c0       0x3e C:/Program Files/SEGGER/SEGGER Embedded Studio for ARM 6.32b/lib/libc_v7em_fpv4_sp_d16_hard_t_le_eabi_balanced.a(strops.o)
 .ARM.attributes
                0x00000000000004fe       0x3e C:/Program Files/SEGGER/SEGGER Embedded Studio for ARM 6.32b/lib/libc_v7em_fpv4_sp_d16_hard_t_le_eabi_balanced.a(prinops.o)
 .ARM.attributes
                0x000000000000053c       0x3e C:/Program Files/SEGGER/SEGGER Embedded Studio for ARM 6.32b/lib/libc_v7em_fpv4_sp_d16_hard_t_le_eabi_balanced.a(__SEGGER_RTL_vfprintf_long.o)
 .ARM.attributes
                0x000000000000057a       0x20 C:/Program Files/SEGGER/SEGGER Embedded Studio for ARM 6.32b/lib/libc_v7em_fpv4_sp_d16_hard_t_le_eabi_balanced.a(intasmops_arm.o)
 .ARM.attributes
                0x000000000000059a       0x3e C:/Program Files/SEGGER/SEGGER Embedded Studio for ARM 6.32b/lib/libc_v7em_fpv4_sp_d16_hard_t_le_eabi_balanced.a(mbops.o)

.comment        0x0000000000000000       0x6c
 .comment       0x0000000000000000       0x35 Output/Debug/Obj/blinky_FreeRTOS_pca10040/boards.o
                                         0x36 (size before relaxing)
 .comment       0x0000000000000035       0x36 Output/Debug/Obj/blinky_FreeRTOS_pca10040/heap_1.o
 .comment       0x0000000000000035       0x36 Output/Debug/Obj/blinky_FreeRTOS_pca10040/list.o
 .comment       0x0000000000000035       0x36 Output/Debug/Obj/blinky_FreeRTOS_pca10040/port.o
 .comment       0x0000000000000035       0x36 Output/Debug/Obj/blinky_FreeRTOS_pca10040/port_cmsis.o
 .comment       0x0000000000000035       0x36 Output/Debug/Obj/blinky_FreeRTOS_pca10040/port_cmsis_systick.o